   Compiling rusty-tiles v0.4.0 (/tmp/rusty-tiles-c1-payload-foundation)
    Finished `release` profile [optimized] target(s) in 1m 41s
     Running unittests src/lib.rs (/tmp/rusty-tiles-f1d2-final-target/release/deps/rusty_tiles-5bfe372a79a4cc82)

running 365 tests
test archive3tz::codec_fault_tests::payload_central_directory_and_flush_faults_are_returned ... ok
test archive3tz::codec_fault_tests::zip64_offset_sentinel_uses_offset_extra_and_actual_local_sizes ... ok
test archive3tz::index_read_tests::explicit_crc_and_association_failures_are_malformed ... ok
test archive3tz::index_read_tests::generic_index_reader_accepts_hand_authored_stored_records ... ok
test archive3tz::index_read_tests::index_length_is_exact_before_index_materialization ... ok
test archive3tz::index_read_tests::only_typed_member_not_found_means_missing_manifest ... ok
test archive3tz::index_read_tests::raw_index_io_invalid_data_is_distinct_from_detected_crc_failure ... ok
test archive3tz::read::tests::actual_directory_unexpected_eof_is_io_but_observed_exhaustion_is_malformed ... ok
test archive3tz::read::tests::archive_zip64_counts_do_not_change_member_descriptor_width ... ok
test archive3tz::read::tests::central_offset_only_zip64_without_descriptor_is_admitted ... ok
test archive3tz::read::tests::cursor_and_held_file_share_catalog_index_and_payload_meaning ... ok
test archive3tz::read::tests::descriptor_crc_signature_ambiguity_is_decided_by_physical_boundary ... ok
test archive3tz::read::tests::descriptor_width_never_falls_back_to_a_fitting_layout ... ok
test archive3tz::read::tests::disjoint_adjacent_reordered_and_padded_records_are_admitted ... ok
test archive3tz::read::tests::empty_member_crc_is_verified_by_both_read_and_hash ... ok
test archive3tz::read::tests::every_extra_tlv_is_checked_without_sentinels ... ok
test archive3tz::read::tests::hash_streams_at_most_64k_and_stops_at_exact_admitted_size ... ok
test archive3tz::read::tests::impossible_declared_count_fails_before_any_directory_read_or_catalog_allocation ... ok
test archive3tz::read::tests::limit_before_io_and_underlying_read_seek_causes_are_preserved ... ok
test archive3tz::read::tests::malformed_local_fields_and_ranges_are_invalid ... ok
test archive3tz::read::tests::opaque_nested_zip_is_not_another_member_but_indexed_nested_record_overlaps ... ok
test archive3tz::read::tests::payload_corruption_is_not_claimed_read_by_catalog_or_index_admission ... ok
test archive3tz::read::tests::repeated_logical_name_is_invalid_before_downstream_zip_deduplication ... ok
test archive3tz::read::tests::selected_directory_read_and_seek_faults_are_not_retried_or_reclassified ... ok
test archive3tz::read::tests::selected_outer_directory_does_not_fall_back_to_valid_embedded_end_record ... ok
test archive3tz::read::tests::signed_and_unsigned_32_and_64_bit_descriptors_are_admitted ... ok
test archive3tz::read::tests::source_directory_count_member_and_total_limits_are_independent ... ok
test archive3tz::read::tests::stored_encoding_and_encryption_profile_is_explicit ... ok
test archive3tz::read::tests::surplus_zip64_and_aes_cannot_override_admitted_fields ... ok
test archive3tz::read::tests::unicode_path_override_is_unsupported_even_if_redundant ... ok
test archive3tz::read::tests::zip64_sentinels_consume_only_required_fields_in_order ... ok
test bbox::obb_tests::axis_aligned_cloud_keeps_axis_aligned_box ... ok
test bbox::obb_tests::children_corners_nest_inside_parent_fit ... ok
test bbox::obb_tests::tile_box_is_the_cell_and_covers_content ... ok
test bbox::obb_tests::tilted_sheet_gets_a_much_smaller_oriented_box ... ok
test content_integrity::json::tests::immediate_container_faults_precede_descendant_faults ... ok
test content_integrity::json::tests::inclusive_bytes_depth_and_root_nodes ... ok
test content_integrity::json::tests::iterative_depth_and_width_are_limited_without_recursive_descent ... ok
test content_integrity::json::tests::raw_numeric_grammar_and_owned_representation_are_distinct ... ok
test content_integrity::json::tests::root_and_retained_children_borrow_source_and_preserve_presence ... ok
test content_integrity::json::tests::storage_overflow_is_typed_and_small_sources_do_not_reserve_huge_limits ... ok
test content_integrity::json::tests::typed_invalid_grammar_and_duplicate_keys ... ok
test content_integrity::json::tests::validates_unicode_in_keys_and_scalar_strings ... ok
test content_integrity::payload::controls::aliases_charge_logical_views_once_and_keep_actual_resource_pool_separate ... ok
test content_integrity::payload::controls::complete_component_plan_precedes_callback_and_preserves_causal_error ... ok
test content_integrity::payload::controls::complete_declared_buffer_plan_precedes_first_callback ... ok
test content_integrity::payload::controls::consumed_decimal_references_targets_strides_and_viewless_bounds ... ok
test content_integrity::payload::controls::exact_numeric_work_and_domain_gates_have_distinct_causes ... ok
test content_integrity::payload::controls::meshopt_partial_word_copy_never_grows_past_exact_request ... ok
test content_integrity::payload::controls::padded_inline_actual_remainder_and_individual_order_are_sensitive ... ok
test content_integrity::payload::controls::present_null_never_becomes_a_missing_unsigned_default ... ok
test content_integrity::payload::controls::primitive_mode_preserves_defined_profile_refusals_and_rejects_undefined_enums ... ok
test content_integrity::payload::controls::real_meshopt_owner_admits_output_before_touching_invalid_compressed_stream ... ok
test content_integrity::payload::controls::resolver_receives_current_actual_remainder_before_each_allocation ... ok
test content_integrity::payload::tests::bounded_base64_buffers_are_checked_without_resource_callback ... ok
test content_integrity::payload::tests::extras_are_opaque_and_external_buffers_are_declared_length_bounded ... ok
test content_integrity::payload::tests::final_matrix_padding_may_be_omitted_in_published_profile ... ok
test content_integrity::payload::tests::independent_meshopt_golden_stream_decodes ... ok
test content_integrity::payload::tests::independent_meshopt_placeholder_and_declared_range_controls ... ok
test content_integrity::payload::tests::matrix_padding_and_actual_ranges_are_checked ... ok
test content_integrity::payload::tests::minimum_version_gate_is_bounded_and_typed ... ok
test content_integrity::payload::tests::missing_position_is_a_failure_instead_of_a_panic ... ok
test content_integrity::payload::tests::mixed_view_roles_and_invalid_attribute_sets_are_rejected ... ok
test content_integrity::payload::tests::modern_b3dm_checks_tables_and_embedded_length ... ok
test content_integrity::payload::tests::pinned_line_strip_restart_checks_actual_segments ... ok
test content_integrity::payload::tests::quantized_uv_required_only_when_core_type_is_insufficient ... ok
test content_integrity::payload::tests::remaining_budget_is_checked_before_external_reads_or_decoding ... ok
test content_integrity::payload::tests::sparse_is_unsupported_before_resource_reads ... ok
test content_integrity::payload::tests::unsigned_int_accessor_requires_index_ownership ... ok
test crs::accuracy_tests::geographic_and_mercator_positions_have_independent_ecef_truth ... ok
test crs::accuracy_tests::local_lcc_with_seven_parameter_helmert_has_independent_position_vector_truth ... ok
test crs::accuracy_tests::spherical_stereographic_fallback_retries_both_batch_orders_against_analytic_truth ... ok
test crs::accuracy_tests::utm_in_both_hemispheres_preserves_horizontal_units_and_metre_heights ... ok
test crs::tests::additional_valid_native_crs_are_not_misclassified_as_bad_data ... ok
test crs::tests::conflicting_polar_scales_and_ill_conditioned_conics_are_refused ... ok
test crs::tests::ellipsoidal_albers_uses_independent_forward_and_ecef_references ... ok
test crs::tests::explicit_helmert_translation_is_applied_in_ecef ... ok
test crs::tests::geographic_longitude_offsets_and_nondecimal_angles_require_native_tier ... ok
test crs::tests::geographic_wkt_degrees_and_grads_preserve_metre_height ... ok
test crs::tests::grids_unknown_datums_and_lossy_definitions_are_refused ... ok
test crs::tests::invalid_scales_and_missing_utm_zone_are_data_errors ... ok
test crs::tests::malformed_parameters_and_invalid_coordinates_fail_without_partial_results ... ok
test crs::tests::native_conic_variants_cannot_bypass_conditioning ... ok
test crs::tests::opposite_sign_polar_stereographic_parameters_keep_native_hemisphere ... ok
test crs::tests::projection_latitude_domains_and_units_are_validated ... ok
test crs::tests::spherical_albers_polar_point_is_refused_in_both_builds ... ok
test crs::tests::stereographic_polar_points_and_failed_probes_retry_whole_batch ... ok
test crs::tests::wkt2_utm_and_horizontal_feet_keep_explicit_height_in_metres ... ok
test crs::tests::wkt_original_parameter_names_and_identities_keep_method_roles ... ok
test crs::tests::wkt_parameter_sets_keep_declared_projection_method_and_native_aliases ... ok
test georef::tests::east_north_up_origin_is_bitwise_geodetic_to_ecef ... ok
test georef::tests::fixed_wgs84_inverse_orients_surface_poles_and_high_altitude_frames ... ok
test georef::tests::geog_vertex_bakes_to_enu_metres ... ok
test georef::tests::local_metre_aabb_is_not_projected ... ok
test georef::tests::mercator_shift_origin_pins_enu_at_e_n_a ... ok
test georef::tests::metashape_synthetic_aabb_is_geographic ... ok
test georef::tests::offset_local_aabb_matches_world_mercator_origin ... ok
test georef::tests::parse_metashape_offset_txt ... ok
test georef::tests::rotation_degrees_90_matches_cesium_heading_pitch_roll ... ok
test georef::tests::sydney_enu_matches_cesium_east_north_up_to_fixed_frame ... ok
test georef::tests::synthetic_web_mercator_aabb_inverts_to_wgs84 ... ok
test glb::tests::eight_byte_alignment_preserves_document_and_bin ... ok
test glb::tests::extensions_are_declared_once ... ok
test glb::tests::framing_matches_gltf_writer_for_every_padding ... ok
test glb::tests::length_limit_is_checked ... ok
test gpu_texture::tests::quality_parser_uses_base_level_and_rejects_missing_metrics ... ok
test grid::tests::empty_grid_returns_none ... ok
test grid::tests::nearest_finds_far_triangle_across_empty_cells ... ok
test hlod::tests::build_parent_packs_two_textured_children_into_one_mesh ... ok
test hlod::tests::parent_budget_is_quarter_of_children_capped ... ok
test hlod::tests::simplify_never_punches_holes_on_connected_grid ... ok
test hlod::tests::simplify_welds_soup_and_preserves_boundary_edges ... ok
test hlod::tests::two_sided_error_sees_bumps_the_parent_flattened ... ok
test implicit::tileset::expansion_budget_tests::byte_capacity_stops_child_presentation_and_large_subtree_before_reads ... ok
test implicit::tileset::expansion_budget_tests::node_capacity_is_shared_across_documents ... ok
test implicit::tileset::expansion_budget_tests::selected_capturing_parser_reaches_subtree_and_nested_extras ... ok
test implicit::tileset::expansion_budget_tests::selected_parser_reaches_recursive_external_document ... ok
test jpeg::tests::retains_full_chroma_and_fine_colour_detail ... ok
test lossless::tests::meshopt_streams_decode_to_the_uncompressed_views ... ok
test mesh_archive::approximation::certificate::tests::base_dynamic_and_global_work_boundaries_are_checked_before_work ... ok
test mesh_archive::approximation::certificate::tests::cancellation_interrupts_long_scans_and_after_the_last_test ... ok
test mesh_archive::approximation::certificate::tests::canonical_children_preserve_exact_addresses_through_depth_24 ... ok
test mesh_archive::approximation::certificate::tests::explicit_lattice_witness_does_not_claim_zero_true_distance ... ok
test mesh_archive::approximation::certificate::tests::mixed_subnormal_source_midpoint_is_an_interval_not_rounded_geometry ... ok
test mesh_archive::approximation::certificate::tests::offset_spike_hole_and_degenerate_supports_have_truthful_limits ... ok
test mesh_archive::approximation::certificate::tests::subdivision_tightens_equal_surface_and_counts_all_target_scans ... ok
test mesh_archive::approximation::tests::actual_proposal_retains_separate_component_and_respects_profile_refusal ... ok
test mesh_archive::approximation::tests::authored_keys_separate_coincident_components_and_preserve_points ... ok
test mesh_archive::approximation::tests::real_proposal_reduces_grid_and_preserves_complete_region_membership ... ok
test mesh_archive::binding::tests::cancellation_error_precedes_mutation_diagnostics ... ok
test mesh_archive::binding::tests::dependency_growth_after_admission_is_invalid_input ... ok
test mesh_archive::binding::tests::encoded_aliases_capture_one_immutable_resource ... ok
test mesh_archive::binding::tests::every_uri_is_admitted_before_missing_dependencies_are_opened ... ok
test mesh_archive::binding::tests::final_sweep_checks_each_alias_pathname_against_its_capture ... ok
test mesh_archive::binding::tests::final_sweep_detects_earlier_resource_changes_during_later_capture ... ok
test mesh_archive::binding::tests::final_sweep_detects_root_pathname_rebinding ... ok
test mesh_archive::binding::tests::hardlinks_deduplicate_and_unused_resource_output_aliases_are_rejected ... ok
test mesh_archive::binding::tests::output_descendants_of_regular_source_files_are_invalid_requests ... ok
test mesh_archive::binding::tests::reserved_filename_characters_require_one_percent_decoding_pass ... ok
test mesh_archive::binding::tests::root_growth_after_admission_is_invalid_input ... ok
test mesh_archive::binding::tests::symlinks_and_fifo_resources_are_refused_without_reading_them ... ok
test mesh_archive::binding::tests::terminal_dot_components_cannot_be_normalized_into_file_names ... ok
test mesh_archive::binding::tests::zero_and_short_root_prefix_growth_is_detected_before_reader_arithmetic ... ok
test mesh_archive::encode::identity::tests::empty_names_emit_positive_length_views_without_invented_text ... ok
test mesh_archive::encode::identity::tests::repeated_names_have_a_strict_archive_wide_byte_cap ... ok
test mesh_archive::encode::identity::tests::root_region_name_counts_once_in_the_shared_archive_budget ... ok
test mesh_archive::model::tests::persistent_partial_writes_never_replace_either_completed_product ... ok
test mesh_archive::model::tests::required_report_archive_and_cleanup_failures_have_truthful_owned_residuals ... ok
test mesh_archive::partition::tests::coincident_triangles_keep_multiplicity_and_obey_actual_leaf_cap ... ok
test mesh_archive::partition::tests::mixed_magnitude_boxes_enclose_stored_positions_without_inward_rounding ... ok
test mesh_archive::partition::tests::root_union_encloses_child_box_endpoints_with_outward_arithmetic ... ok
test mesh_archive::placement::tests::drift_is_normalized_and_signed_height_uses_one_budget ... ok
test mesh_archive::placement::tests::magnitude_boundary_cannot_hide_a_positive_rounding_residual ... ok
test mesh_archive::placement::tests::numeric_validation_precedes_magnitude_eligibility ... ok
test mesh_archive::placement::tests::omitted_anchor_cannot_hide_orientation_or_offset ... ok
test mesh_archive::source::material::tests::all_roles_remap_without_inventing_defaults_or_merging_bindings ... ok
test mesh_archive::source::material::tests::malformed_bindings_and_valid_exclusions_have_distinct_kinds ... ok
test mesh_archive::source::material::tests::no_textures_and_boundary_scalars_preserve_presence ... ok
test mesh_archive::source::material::tests::proxy_eligibility_preserves_full_detail_material_admission ... ok
test mesh_archive::source::metadata_tests::malformed_color_encodings_fail_metadata_before_dependency_capture ... ok
test mesh_archive::source::metadata_tests::normalization_invalid_for_component_is_invalid_even_when_unused ... ok
test mesh_archive::source::metadata_tests::reflected_authored_keys_follow_the_decoded_corner_order ... ok
test mesh_archive::source::metadata_tests::source_node_name_cap_counts_utf8_bytes_without_changing_missing_or_empty ... ok
test mesh_archive::source::metadata_tests::valid_unused_storage_outside_mesh_profile_stays_unsupported ... ok
test mesh_archive::source::original_bounds::tests::original_bound_cancellation_is_observed_before_position_bake ... ok
test mesh_archive::source::original_bounds::tests::raw_near_unit_authored_coordinates_are_not_normalized_away ... ok
test mesh_archive::source::original_bounds::tests::selected_scene_roots_with_global_parents_are_refused ... ok
test mesh_archive::tests::actual_archive_finalization_and_flush_faults_abort_and_clean_both_candidates ... ok
test mesh_archive::tests::actual_archive_payload_write_fault_cleans_workspace_and_partial_archive ... ok
test mesh_archive::tests::actual_partial_leaf_and_report_write_faults_remove_partial_inventory_and_preserve_output ... ok
test mesh_archive::tests::injected_producer_stage_failures_abort_preserve_and_account_for_workspace ... ok
test mesh_archive::tests::proxy_failures_preserve_replace_target_and_cleanup_owned_candidates ... ok
test mesh_crs::tests::authored_normals_follow_analytic_mercator_inverse_transpose_and_keep_hard_edges ... ok
test mesh_crs::tests::pole_positions_without_normals_do_not_need_a_jacobian ... ok
test mesh_crs::tests::projected_accuracy_domain_uses_valid_one_sided_normals ... ok
test output::tests::archive_publication_does_not_clobber_a_concurrent_output ... ok
test output::tests::dropped_job_removes_work_and_keeps_output ... ok
test output::tests::failed_directory_publication_restores_original ... ok
test output::tests::failed_tree_archive_publication_keeps_previous_output_and_no_work_dir ... ok
test output::tests::tree_archive_publication_does_not_clobber_without_force ... ok
test output::tests::tree_archive_publication_overwrites_with_force ... ok
test output::tests::tree_archive_publication_packs_every_staged_file ... ok
test package::reproducibility_tests::packing_is_independent_of_caller_entry_order ... ok
test package::tests::codec_payload_finalize_and_flush_faults_abort_and_clean_before_replace ... ok
{"actualReportSha256":"4dcf03d6e82895c6a4eef15ae04065321b96f227ca16114cd32afb85e8e7de93","archiveSha256":"de9e51602dedf23f488f45935b759827430fec6077a9c99de693ab97864523d9","fact":"totalPayloadElements","independentContextControl":"same-uri-cache","outcome":"admitted","readOnly":true,"selectedLimits":{"accessorElements":4096,"archiveEntries":256,"archiveStoredBytes":1048576,"centralDirectoryBytes":65536,"documentDecodedBytes":262144,"documentItems":8192,"hierarchyDepth":32,"hierarchyVisits":128,"jsonBytes":65536,"jsonDepth":32,"memberBytes":262144,"references":1024,"sourceArchiveBytes":1048576,"totalBytesRead":4194304,"totalPayloadElements":3}}
{"actualReportSha256":null,"archiveSha256":"de9e51602dedf23f488f45935b759827430fec6077a9c99de693ab97864523d9","fact":"totalPayloadElements","independentContextControl":"same-uri-cache","outcome":"resource_limit","readOnly":true,"selectedLimits":{"accessorElements":4096,"archiveEntries":256,"archiveStoredBytes":1048576,"centralDirectoryBytes":65536,"documentDecodedBytes":262144,"documentItems":8192,"hierarchyDepth":32,"hierarchyVisits":128,"jsonBytes":65536,"jsonDepth":32,"memberBytes":262144,"references":1024,"sourceArchiveBytes":1048576,"totalBytesRead":4194304,"totalPayloadElements":2}}
{"actualReportSha256":"2b3e0e8a326cb5d31a8130aac26b3be956185c7660851bf3625f6259142ff70f","archiveSha256":"2fee5ae155fdd2ea6ae9f62078cac8d17bd194431ebcf81fdd8f159b1a40275a","fact":"totalPayloadElements","independentContextControl":"resolved-alias-cache","outcome":"admitted","readOnly":true,"selectedLimits":{"accessorElements":4096,"archiveEntries":256,"archiveStoredBytes":1048576,"centralDirectoryBytes":65536,"documentDecodedBytes":262144,"documentItems":8192,"hierarchyDepth":32,"hierarchyVisits":128,"jsonBytes":65536,"jsonDepth":32,"memberBytes":262144,"references":1024,"sourceArchiveBytes":1048576,"totalBytesRead":4194304,"totalPayloadElements":3}}
{"actualReportSha256":null,"archiveSha256":"2fee5ae155fdd2ea6ae9f62078cac8d17bd194431ebcf81fdd8f159b1a40275a","fact":"totalPayloadElements","independentContextControl":"resolved-alias-cache","outcome":"resource_limit","readOnly":true,"selectedLimits":{"accessorElements":4096,"archiveEntries":256,"archiveStoredBytes":1048576,"centralDirectoryBytes":65536,"documentDecodedBytes":262144,"documentItems":8192,"hierarchyDepth":32,"hierarchyVisits":128,"jsonBytes":65536,"jsonDepth":32,"memberBytes":262144,"references":1024,"sourceArchiveBytes":1048576,"totalBytesRead":4194304,"totalPayloadElements":2}}
{"actualReportSha256":"211b93a9f33639b37efda99da577f35d9ba1d630cb585a9746bbe78775b897a1","archiveSha256":"903bf1adc338c2d967e22700fb38e02e9f95ad0b6e1e9cb7c2965667f711c5cb","fact":"totalPayloadElements","independentContextControl":"distinct-byte-identical-members","outcome":"admitted","readOnly":true,"selectedLimits":{"accessorElements":4096,"archiveEntries":256,"archiveStoredBytes":1048576,"centralDirectoryBytes":65536,"documentDecodedBytes":262144,"documentItems":8192,"hierarchyDepth":32,"hierarchyVisits":128,"jsonBytes":65536,"jsonDepth":32,"memberBytes":262144,"references":1024,"sourceArchiveBytes":1048576,"totalBytesRead":4194304,"totalPayloadElements":6}}
{"actualReportSha256":null,"archiveSha256":"903bf1adc338c2d967e22700fb38e02e9f95ad0b6e1e9cb7c2965667f711c5cb","fact":"totalPayloadElements","independentContextControl":"distinct-byte-identical-members","outcome":"resource_limit","readOnly":true,"selectedLimits":{"accessorElements":4096,"archiveEntries":256,"archiveStoredBytes":1048576,"centralDirectoryBytes":65536,"documentDecodedBytes":262144,"documentItems":8192,"hierarchyDepth":32,"hierarchyVisits":128,"jsonBytes":65536,"jsonDepth":32,"memberBytes":262144,"references":1024,"sourceArchiveBytes":1048576,"totalBytesRead":4194304,"totalPayloadElements":5}}
{"actualReportSha256":"da7fc930542302790715b4faed739c96a136865a193051238bc1f17bde931845","archiveSha256":"b68a252c72f16e2625c5339155f22b8aa49aded41764b07294d21a0d2de1cf24","fact":"totalPayloadElements","independentContextControl":"shared-position-primitives","outcome":"admitted","readOnly":true,"selectedLimits":{"accessorElements":4096,"archiveEntries":256,"archiveStoredBytes":1048576,"centralDirectoryBytes":65536,"documentDecodedBytes":262144,"documentItems":8192,"hierarchyDepth":32,"hierarchyVisits":128,"jsonBytes":65536,"jsonDepth":32,"memberBytes":262144,"references":1024,"sourceArchiveBytes":1048576,"totalBytesRead":4194304,"totalPayloadElements":3}}
{"actualReportSha256":null,"archiveSha256":"b68a252c72f16e2625c5339155f22b8aa49aded41764b07294d21a0d2de1cf24","fact":"totalPayloadElements","independentContextControl":"shared-position-primitives","outcome":"resource_limit","readOnly":true,"selectedLimits":{"accessorElements":4096,"archiveEntries":256,"archiveStoredBytes":1048576,"centralDirectoryBytes":65536,"documentDecodedBytes":262144,"documentItems":8192,"hierarchyDepth":32,"hierarchyVisits":128,"jsonBytes":65536,"jsonDepth":32,"memberBytes":262144,"references":1024,"sourceArchiveBytes":1048576,"totalBytesRead":4194304,"totalPayloadElements":2}}
{"actualReportSha256":"07e69c1327f23e8f5c3a56673360765a7c2b9103379dcd8701b0210e94f9841d","archiveSha256":"1b8a57d97596b33eb6f94d940e7bf0981417f83b9db6197d050e6e7ae60e7f86","fact":"totalPayloadElements","independentContextControl":"unused-viewless-accessor","outcome":"admitted","readOnly":true,"selectedLimits":{"accessorElements":4096,"archiveEntries":256,"archiveStoredBytes":1048576,"centralDirectoryBytes":65536,"documentDecodedBytes":262144,"documentItems":8192,"hierarchyDepth":32,"hierarchyVisits":128,"jsonBytes":65536,"jsonDepth":32,"memberBytes":262144,"references":1024,"sourceArchiveBytes":1048576,"totalBytesRead":4194304,"totalPayloadElements":4}}
{"actualReportSha256":null,"archiveSha256":"1b8a57d97596b33eb6f94d940e7bf0981417f83b9db6197d050e6e7ae60e7f86","fact":"totalPayloadElements","independentContextControl":"unused-viewless-accessor","outcome":"resource_limit","readOnly":true,"selectedLimits":{"accessorElements":4096,"archiveEntries":256,"archiveStoredBytes":1048576,"centralDirectoryBytes":65536,"documentDecodedBytes":262144,"documentItems":8192,"hierarchyDepth":32,"hierarchyVisits":128,"jsonBytes":65536,"jsonDepth":32,"memberBytes":262144,"references":1024,"sourceArchiveBytes":1048576,"totalBytesRead":4194304,"totalPayloadElements":3}}
test payload_context_acceptance::actual_c1_aggregate_cache_and_shared_accessor_components ... ok
{"actualReportSha256":"272a31cdaf41c95aab8293892fba412ff943dc5e1ed17c2d38c724c6bd5d5e7d","archiveSha256":"2b5a8bf891e35031e4ba78c00f697cdc8be433c3290005d4be12024e3d0ec30a","fact":"bytes","independentContextControl":"b3dm-batch-table","outcome":"admitted","readOnly":true,"selectedLimits":{"accessorElements":4096,"archiveEntries":256,"archiveStoredBytes":1048576,"centralDirectoryBytes":65536,"documentDecodedBytes":262144,"documentItems":8192,"hierarchyDepth":32,"hierarchyVisits":128,"jsonBytes":3144,"jsonDepth":32,"memberBytes":262144,"references":1024,"sourceArchiveBytes":1048576,"totalBytesRead":4194304,"totalPayloadElements":16}}
{"actualReportSha256":null,"archiveSha256":"2b5a8bf891e35031e4ba78c00f697cdc8be433c3290005d4be12024e3d0ec30a","fact":"bytes","independentContextControl":"b3dm-batch-table","outcome":"resource_limit","readOnly":true,"selectedLimits":{"accessorElements":4096,"archiveEntries":256,"archiveStoredBytes":1048576,"centralDirectoryBytes":65536,"documentDecodedBytes":262144,"documentItems":8192,"hierarchyDepth":32,"hierarchyVisits":128,"jsonBytes":3143,"jsonDepth":32,"memberBytes":262144,"references":1024,"sourceArchiveBytes":1048576,"totalBytesRead":4194304,"totalPayloadElements":16}}
{"actualReportSha256":"b9229043f72d822419aaecd0a3cd559e5f5bd163644beaca16f24ca81c84d091","archiveSha256":"2b5a8bf891e35031e4ba78c00f697cdc8be433c3290005d4be12024e3d0ec30a","fact":"depth","independentContextControl":"b3dm-batch-table","outcome":"admitted","readOnly":true,"selectedLimits":{"accessorElements":4096,"archiveEntries":256,"archiveStoredBytes":1048576,"centralDirectoryBytes":65536,"documentDecodedBytes":262144,"documentItems":8192,"hierarchyDepth":32,"hierarchyVisits":128,"jsonBytes":65536,"jsonDepth":20,"memberBytes":262144,"references":1024,"sourceArchiveBytes":1048576,"totalBytesRead":4194304,"totalPayloadElements":16}}
{"actualReportSha256":null,"archiveSha256":"2b5a8bf891e35031e4ba78c00f697cdc8be433c3290005d4be12024e3d0ec30a","fact":"depth","independentContextControl":"b3dm-batch-table","outcome":"resource_limit","readOnly":true,"selectedLimits":{"accessorElements":4096,"archiveEntries":256,"archiveStoredBytes":1048576,"centralDirectoryBytes":65536,"documentDecodedBytes":262144,"documentItems":8192,"hierarchyDepth":32,"hierarchyVisits":128,"jsonBytes":65536,"jsonDepth":19,"memberBytes":262144,"references":1024,"sourceArchiveBytes":1048576,"totalBytesRead":4194304,"totalPayloadElements":16}}
{"actualReportSha256":"6a7065bafbaf40f0d6cb9e334788143494e55290d9ed70eacbbb64c4e2acf24a","archiveSha256":"2b5a8bf891e35031e4ba78c00f697cdc8be433c3290005d4be12024e3d0ec30a","fact":"nodes","independentContextControl":"b3dm-batch-table","outcome":"admitted","readOnly":true,"selectedLimits":{"accessorElements":4096,"archiveEntries":256,"archiveStoredBytes":1048576,"centralDirectoryBytes":65536,"documentDecodedBytes":262144,"documentItems":1558,"hierarchyDepth":32,"hierarchyVisits":128,"jsonBytes":65536,"jsonDepth":32,"memberBytes":262144,"references":1024,"sourceArchiveBytes":1048576,"totalBytesRead":4194304,"totalPayloadElements":16}}
{"actualReportSha256":null,"archiveSha256":"2b5a8bf891e35031e4ba78c00f697cdc8be433c3290005d4be12024e3d0ec30a","fact":"nodes","independentContextControl":"b3dm-batch-table","outcome":"resource_limit","readOnly":true,"selectedLimits":{"accessorElements":4096,"archiveEntries":256,"archiveStoredBytes":1048576,"centralDirectoryBytes":65536,"documentDecodedBytes":262144,"documentItems":1557,"hierarchyDepth":32,"hierarchyVisits":128,"jsonBytes":65536,"jsonDepth":32,"memberBytes":262144,"references":1024,"sourceArchiveBytes":1048576,"totalBytesRead":4194304,"totalPayloadElements":16}}
test payload_context_acceptance::actual_c1_batch_table_selected_limits ... ok
{"actualReportSha256":"6fb026faba652158bc04aa73f6e5bebf228aaf8dd77f2640a7cad8781a56c5e9","archiveSha256":"09cf3099dff01a1fc0b9f80abab7c80940e4e112a43f2249d7282b9dc60a437f","fact":"bytes","independentContextControl":"conversion-report","outcome":"admitted","readOnly":true,"selectedLimits":{"accessorElements":4096,"archiveEntries":256,"archiveStoredBytes":1048576,"centralDirectoryBytes":65536,"documentDecodedBytes":262144,"documentItems":8192,"hierarchyDepth":32,"hierarchyVisits":128,"jsonBytes":3142,"jsonDepth":32,"memberBytes":262144,"references":1024,"sourceArchiveBytes":1048576,"totalBytesRead":4194304,"totalPayloadElements":16}}
{"actualReportSha256":null,"archiveSha256":"09cf3099dff01a1fc0b9f80abab7c80940e4e112a43f2249d7282b9dc60a437f","fact":"bytes","independentContextControl":"conversion-report","outcome":"resource_limit","readOnly":true,"selectedLimits":{"accessorElements":4096,"archiveEntries":256,"archiveStoredBytes":1048576,"centralDirectoryBytes":65536,"documentDecodedBytes":262144,"documentItems":8192,"hierarchyDepth":32,"hierarchyVisits":128,"jsonBytes":3141,"jsonDepth":32,"memberBytes":262144,"references":1024,"sourceArchiveBytes":1048576,"totalBytesRead":4194304,"totalPayloadElements":16}}
{"actualReportSha256":"4d67942f2e77e7ad1f48ebe46a68a3d1ebd39503b093ab05c9f2e26e216fdc7c","archiveSha256":"09cf3099dff01a1fc0b9f80abab7c80940e4e112a43f2249d7282b9dc60a437f","fact":"depth","independentContextControl":"conversion-report","outcome":"admitted","readOnly":true,"selectedLimits":{"accessorElements":4096,"archiveEntries":256,"archiveStoredBytes":1048576,"centralDirectoryBytes":65536,"documentDecodedBytes":262144,"documentItems":8192,"hierarchyDepth":32,"hierarchyVisits":128,"jsonBytes":65536,"jsonDepth":20,"memberBytes":262144,"references":1024,"sourceArchiveBytes":1048576,"totalBytesRead":4194304,"totalPayloadElements":16}}
{"actualReportSha256":null,"archiveSha256":"09cf3099dff01a1fc0b9f80abab7c80940e4e112a43f2249d7282b9dc60a437f","fact":"depth","independentContextControl":"conversion-report","outcome":"resource_limit","readOnly":true,"selectedLimits":{"accessorElements":4096,"archiveEntries":256,"archiveStoredBytes":1048576,"centralDirectoryBytes":65536,"documentDecodedBytes":262144,"documentItems":8192,"hierarchyDepth":32,"hierarchyVisits":128,"jsonBytes":65536,"jsonDepth":19,"memberBytes":262144,"references":1024,"sourceArchiveBytes":1048576,"totalBytesRead":4194304,"totalPayloadElements":16}}
{"actualReportSha256":"241a1a0b11f6561367dfdc080c8b7df55cef9fdaabb57724b44c19cfe50d8c83","archiveSha256":"09cf3099dff01a1fc0b9f80abab7c80940e4e112a43f2249d7282b9dc60a437f","fact":"nodes","independentContextControl":"conversion-report","outcome":"admitted","readOnly":true,"selectedLimits":{"accessorElements":4096,"archiveEntries":256,"archiveStoredBytes":1048576,"centralDirectoryBytes":65536,"documentDecodedBytes":262144,"documentItems":1558,"hierarchyDepth":32,"hierarchyVisits":128,"jsonBytes":65536,"jsonDepth":32,"memberBytes":262144,"references":1024,"sourceArchiveBytes":1048576,"totalBytesRead":4194304,"totalPayloadElements":16}}
{"actualReportSha256":null,"archiveSha256":"09cf3099dff01a1fc0b9f80abab7c80940e4e112a43f2249d7282b9dc60a437f","fact":"nodes","independentContextControl":"conversion-report","outcome":"resource_limit","readOnly":true,"selectedLimits":{"accessorElements":4096,"archiveEntries":256,"archiveStoredBytes":1048576,"centralDirectoryBytes":65536,"documentDecodedBytes":262144,"documentItems":1557,"hierarchyDepth":32,"hierarchyVisits":128,"jsonBytes":65536,"jsonDepth":32,"memberBytes":262144,"references":1024,"sourceArchiveBytes":1048576,"totalBytesRead":4194304,"totalPayloadElements":16}}
test payload_context_acceptance::actual_c1_conversion_report_selected_limits ... ok
{"actualReportSha256":"da6c2837b9433b656a3650696a3e5e1a325451a956ca2b8202afeb5f80ee5688","archiveSha256":"cf16bff34af499c10a141240a0bc6e7cb2c9a5aa69c35da3db2cb13ad847666f","fact":"bytes","independentContextControl":"b3dm-embedded-glb","outcome":"admitted","readOnly":true,"selectedLimits":{"accessorElements":4096,"archiveEntries":256,"archiveStoredBytes":1048576,"centralDirectoryBytes":65536,"documentDecodedBytes":262144,"documentItems":8192,"hierarchyDepth":32,"hierarchyVisits":128,"jsonBytes":3528,"jsonDepth":32,"memberBytes":262144,"references":1024,"sourceArchiveBytes":1048576,"totalBytesRead":4194304,"totalPayloadElements":16}}
{"actualReportSha256":null,"archiveSha256":"cf16bff34af499c10a141240a0bc6e7cb2c9a5aa69c35da3db2cb13ad847666f","fact":"bytes","independentContextControl":"b3dm-embedded-glb","outcome":"resource_limit","readOnly":true,"selectedLimits":{"accessorElements":4096,"archiveEntries":256,"archiveStoredBytes":1048576,"centralDirectoryBytes":65536,"documentDecodedBytes":262144,"documentItems":8192,"hierarchyDepth":32,"hierarchyVisits":128,"jsonBytes":3527,"jsonDepth":32,"memberBytes":262144,"references":1024,"sourceArchiveBytes":1048576,"totalBytesRead":4194304,"totalPayloadElements":16}}
{"actualReportSha256":"97f31ac9c6e8727ab5baf3fd1a38c0f7237c9db0a0de99e3106c55179c02c0fc","archiveSha256":"cf16bff34af499c10a141240a0bc6e7cb2c9a5aa69c35da3db2cb13ad847666f","fact":"depth","independentContextControl":"b3dm-embedded-glb","outcome":"admitted","readOnly":true,"selectedLimits":{"accessorElements":4096,"archiveEntries":256,"archiveStoredBytes":1048576,"centralDirectoryBytes":65536,"documentDecodedBytes":262144,"documentItems":8192,"hierarchyDepth":32,"hierarchyVisits":128,"jsonBytes":65536,"jsonDepth":20,"memberBytes":262144,"references":1024,"sourceArchiveBytes":1048576,"totalBytesRead":4194304,"totalPayloadElements":16}}
{"actualReportSha256":null,"archiveSha256":"cf16bff34af499c10a141240a0bc6e7cb2c9a5aa69c35da3db2cb13ad847666f","fact":"depth","independentContextControl":"b3dm-embedded-glb","outcome":"resource_limit","readOnly":true,"selectedLimits":{"accessorElements":4096,"archiveEntries":256,"archiveStoredBytes":1048576,"centralDirectoryBytes":65536,"documentDecodedBytes":262144,"documentItems":8192,"hierarchyDepth":32,"hierarchyVisits":128,"jsonBytes":65536,"jsonDepth":19,"memberBytes":262144,"references":1024,"sourceArchiveBytes":1048576,"totalBytesRead":4194304,"totalPayloadElements":16}}
{"actualReportSha256":"3d6f62375d5fa614205f122baef4a1d77af790a576b75669e1f790ee07058d40","archiveSha256":"cf16bff34af499c10a141240a0bc6e7cb2c9a5aa69c35da3db2cb13ad847666f","fact":"nodes","independentContextControl":"b3dm-embedded-glb","outcome":"admitted","readOnly":true,"selectedLimits":{"accessorElements":4096,"archiveEntries":256,"archiveStoredBytes":1048576,"centralDirectoryBytes":65536,"documentDecodedBytes":262144,"documentItems":1593,"hierarchyDepth":32,"hierarchyVisits":128,"jsonBytes":65536,"jsonDepth":32,"memberBytes":262144,"references":1024,"sourceArchiveBytes":1048576,"totalBytesRead":4194304,"totalPayloadElements":16}}
{"actualReportSha256":null,"archiveSha256":"cf16bff34af499c10a141240a0bc6e7cb2c9a5aa69c35da3db2cb13ad847666f","fact":"nodes","independentContextControl":"b3dm-embedded-glb","outcome":"resource_limit","readOnly":true,"selectedLimits":{"accessorElements":4096,"archiveEntries":256,"archiveStoredBytes":1048576,"centralDirectoryBytes":65536,"documentDecodedBytes":262144,"documentItems":1592,"hierarchyDepth":32,"hierarchyVisits":128,"jsonBytes":65536,"jsonDepth":32,"memberBytes":262144,"references":1024,"sourceArchiveBytes":1048576,"totalBytesRead":4194304,"totalPayloadElements":16}}
test payload_context_acceptance::actual_c1_embedded_glb_selected_limits ... ok
{"actualReportSha256":"fc686f6c3fd8319bc0618a56ca04a6da7595392e1bf2ec9451a5c1afd70887ce","archiveSha256":"20c9065440985368f3c6039beb40594577d9bfdabc0bc83dd8b9d329264608a2","fact":"bytes","independentContextControl":"external-tileset","outcome":"admitted","readOnly":true,"selectedLimits":{"accessorElements":4096,"archiveEntries":256,"archiveStoredBytes":1048576,"centralDirectoryBytes":65536,"documentDecodedBytes":262144,"documentItems":8192,"hierarchyDepth":32,"hierarchyVisits":128,"jsonBytes":3325,"jsonDepth":32,"memberBytes":262144,"references":1024,"sourceArchiveBytes":1048576,"totalBytesRead":4194304,"totalPayloadElements":16}}
{"actualReportSha256":null,"archiveSha256":"20c9065440985368f3c6039beb40594577d9bfdabc0bc83dd8b9d329264608a2","fact":"bytes","independentContextControl":"external-tileset","outcome":"resource_limit","readOnly":true,"selectedLimits":{"accessorElements":4096,"archiveEntries":256,"archiveStoredBytes":1048576,"centralDirectoryBytes":65536,"documentDecodedBytes":262144,"documentItems":8192,"hierarchyDepth":32,"hierarchyVisits":128,"jsonBytes":3324,"jsonDepth":32,"memberBytes":262144,"references":1024,"sourceArchiveBytes":1048576,"totalBytesRead":4194304,"totalPayloadElements":16}}
{"actualReportSha256":"da01b835ef61fe61931bb6b9df379bea65fd56146e682d0c793d658089c05a4a","archiveSha256":"20c9065440985368f3c6039beb40594577d9bfdabc0bc83dd8b9d329264608a2","fact":"depth","independentContextControl":"external-tileset","outcome":"admitted","readOnly":true,"selectedLimits":{"accessorElements":4096,"archiveEntries":256,"archiveStoredBytes":1048576,"centralDirectoryBytes":65536,"documentDecodedBytes":262144,"documentItems":8192,"hierarchyDepth":32,"hierarchyVisits":128,"jsonBytes":65536,"jsonDepth":20,"memberBytes":262144,"references":1024,"sourceArchiveBytes":1048576,"totalBytesRead":4194304,"totalPayloadElements":16}}
{"actualReportSha256":null,"archiveSha256":"20c9065440985368f3c6039beb40594577d9bfdabc0bc83dd8b9d329264608a2","fact":"depth","independentContextControl":"external-tileset","outcome":"resource_limit","readOnly":true,"selectedLimits":{"accessorElements":4096,"archiveEntries":256,"archiveStoredBytes":1048576,"centralDirectoryBytes":65536,"documentDecodedBytes":262144,"documentItems":8192,"hierarchyDepth":32,"hierarchyVisits":128,"jsonBytes":65536,"jsonDepth":19,"memberBytes":262144,"references":1024,"sourceArchiveBytes":1048576,"totalBytesRead":4194304,"totalPayloadElements":16}}
{"actualReportSha256":"1af0a3d39e8f6756db26cb0de7ee90e38da8c666ed902e051b91d7293b98a2a1","archiveSha256":"20c9065440985368f3c6039beb40594577d9bfdabc0bc83dd8b9d329264608a2","fact":"nodes","independentContextControl":"external-tileset","outcome":"admitted","readOnly":true,"selectedLimits":{"accessorElements":4096,"archiveEntries":256,"archiveStoredBytes":1048576,"centralDirectoryBytes":65536,"documentDecodedBytes":262144,"documentItems":1580,"hierarchyDepth":32,"hierarchyVisits":128,"jsonBytes":65536,"jsonDepth":32,"memberBytes":262144,"references":1024,"sourceArchiveBytes":1048576,"totalBytesRead":4194304,"totalPayloadElements":16}}
{"actualReportSha256":null,"archiveSha256":"20c9065440985368f3c6039beb40594577d9bfdabc0bc83dd8b9d329264608a2","fact":"nodes","independentContextControl":"external-tileset","outcome":"resource_limit","readOnly":true,"selectedLimits":{"accessorElements":4096,"archiveEntries":256,"archiveStoredBytes":1048576,"centralDirectoryBytes":65536,"documentDecodedBytes":262144,"documentItems":1579,"hierarchyDepth":32,"hierarchyVisits":128,"jsonBytes":65536,"jsonDepth":32,"memberBytes":262144,"references":1024,"sourceArchiveBytes":1048576,"totalBytesRead":4194304,"totalPayloadElements":16}}
test payload_context_acceptance::actual_c1_external_json_selected_limits ... ok
{"actualReportSha256":"06374cc7d62bbab03c2daf53c33006fbf526070fb190fc8272a3eed03fedd2f9","archiveSha256":"782bc10758152cefda98029d04084f0a7b89a695b9eca445bfee762c929be38f","fact":"bytes","independentContextControl":"b3dm-feature-table","outcome":"admitted","readOnly":true,"selectedLimits":{"accessorElements":4096,"archiveEntries":256,"archiveStoredBytes":1048576,"centralDirectoryBytes":65536,"documentDecodedBytes":262144,"documentItems":8192,"hierarchyDepth":32,"hierarchyVisits":128,"jsonBytes":3164,"jsonDepth":32,"memberBytes":262144,"references":1024,"sourceArchiveBytes":1048576,"totalBytesRead":4194304,"totalPayloadElements":16}}
{"actualReportSha256":null,"archiveSha256":"782bc10758152cefda98029d04084f0a7b89a695b9eca445bfee762c929be38f","fact":"bytes","independentContextControl":"b3dm-feature-table","outcome":"resource_limit","readOnly":true,"selectedLimits":{"accessorElements":4096,"archiveEntries":256,"archiveStoredBytes":1048576,"centralDirectoryBytes":65536,"documentDecodedBytes":262144,"documentItems":8192,"hierarchyDepth":32,"hierarchyVisits":128,"jsonBytes":3163,"jsonDepth":32,"memberBytes":262144,"references":1024,"sourceArchiveBytes":1048576,"totalBytesRead":4194304,"totalPayloadElements":16}}
{"actualReportSha256":"608984441aaae4d9661fc6cdf3b7841a853e53f164f35e6398018853f0a2c21c","archiveSha256":"782bc10758152cefda98029d04084f0a7b89a695b9eca445bfee762c929be38f","fact":"depth","independentContextControl":"b3dm-feature-table","outcome":"admitted","readOnly":true,"selectedLimits":{"accessorElements":4096,"archiveEntries":256,"archiveStoredBytes":1048576,"centralDirectoryBytes":65536,"documentDecodedBytes":262144,"documentItems":8192,"hierarchyDepth":32,"hierarchyVisits":128,"jsonBytes":65536,"jsonDepth":20,"memberBytes":262144,"references":1024,"sourceArchiveBytes":1048576,"totalBytesRead":4194304,"totalPayloadElements":16}}
{"actualReportSha256":null,"archiveSha256":"782bc10758152cefda98029d04084f0a7b89a695b9eca445bfee762c929be38f","fact":"depth","independentContextControl":"b3dm-feature-table","outcome":"resource_limit","readOnly":true,"selectedLimits":{"accessorElements":4096,"archiveEntries":256,"archiveStoredBytes":1048576,"centralDirectoryBytes":65536,"documentDecodedBytes":262144,"documentItems":8192,"hierarchyDepth":32,"hierarchyVisits":128,"jsonBytes":65536,"jsonDepth":19,"memberBytes":262144,"references":1024,"sourceArchiveBytes":1048576,"totalBytesRead":4194304,"totalPayloadElements":16}}
{"actualReportSha256":"a4c916ace00b69575e1548e8b50340820e4d27b46a29609b6867d29967d7a40b","archiveSha256":"782bc10758152cefda98029d04084f0a7b89a695b9eca445bfee762c929be38f","fact":"nodes","independentContextControl":"b3dm-feature-table","outcome":"admitted","readOnly":true,"selectedLimits":{"accessorElements":4096,"archiveEntries":256,"archiveStoredBytes":1048576,"centralDirectoryBytes":65536,"documentDecodedBytes":262144,"documentItems":1559,"hierarchyDepth":32,"hierarchyVisits":128,"jsonBytes":65536,"jsonDepth":32,"memberBytes":262144,"references":1024,"sourceArchiveBytes":1048576,"totalBytesRead":4194304,"totalPayloadElements":16}}
{"actualReportSha256":null,"archiveSha256":"782bc10758152cefda98029d04084f0a7b89a695b9eca445bfee762c929be38f","fact":"nodes","independentContextControl":"b3dm-feature-table","outcome":"resource_limit","readOnly":true,"selectedLimits":{"accessorElements":4096,"archiveEntries":256,"archiveStoredBytes":1048576,"centralDirectoryBytes":65536,"documentDecodedBytes":262144,"documentItems":1558,"hierarchyDepth":32,"hierarchyVisits":128,"jsonBytes":65536,"jsonDepth":32,"memberBytes":262144,"references":1024,"sourceArchiveBytes":1048576,"totalBytesRead":4194304,"totalPayloadElements":16}}
test payload_context_acceptance::actual_c1_feature_table_selected_limits ... ok
{"actualReportSha256":"c0c355ad474157ad1f306edad669737bb43d1cf0d3197ccdd36fadc65495fec4","archiveSha256":"eebb69abaea9db237cd7de5eefe45a48f1cb8a5af8ef38205ae506ed18962040","fact":"bytes","independentContextControl":"glb-json","outcome":"admitted","readOnly":true,"selectedLimits":{"accessorElements":4096,"archiveEntries":256,"archiveStoredBytes":1048576,"centralDirectoryBytes":65536,"documentDecodedBytes":262144,"documentItems":8192,"hierarchyDepth":32,"hierarchyVisits":128,"jsonBytes":3528,"jsonDepth":32,"memberBytes":262144,"references":1024,"sourceArchiveBytes":1048576,"totalBytesRead":4194304,"totalPayloadElements":16}}
{"actualReportSha256":null,"archiveSha256":"eebb69abaea9db237cd7de5eefe45a48f1cb8a5af8ef38205ae506ed18962040","fact":"bytes","independentContextControl":"glb-json","outcome":"resource_limit","readOnly":true,"selectedLimits":{"accessorElements":4096,"archiveEntries":256,"archiveStoredBytes":1048576,"centralDirectoryBytes":65536,"documentDecodedBytes":262144,"documentItems":8192,"hierarchyDepth":32,"hierarchyVisits":128,"jsonBytes":3527,"jsonDepth":32,"memberBytes":262144,"references":1024,"sourceArchiveBytes":1048576,"totalBytesRead":4194304,"totalPayloadElements":16}}
{"actualReportSha256":"205d98dc2f258c68711608c2a34eeb5fddf20577d0ac894d824601d46ef2cc45","archiveSha256":"eebb69abaea9db237cd7de5eefe45a48f1cb8a5af8ef38205ae506ed18962040","fact":"depth","independentContextControl":"glb-json","outcome":"admitted","readOnly":true,"selectedLimits":{"accessorElements":4096,"archiveEntries":256,"archiveStoredBytes":1048576,"centralDirectoryBytes":65536,"documentDecodedBytes":262144,"documentItems":8192,"hierarchyDepth":32,"hierarchyVisits":128,"jsonBytes":65536,"jsonDepth":20,"memberBytes":262144,"references":1024,"sourceArchiveBytes":1048576,"totalBytesRead":4194304,"totalPayloadElements":16}}
{"actualReportSha256":null,"archiveSha256":"eebb69abaea9db237cd7de5eefe45a48f1cb8a5af8ef38205ae506ed18962040","fact":"depth","independentContextControl":"glb-json","outcome":"resource_limit","readOnly":true,"selectedLimits":{"accessorElements":4096,"archiveEntries":256,"archiveStoredBytes":1048576,"centralDirectoryBytes":65536,"documentDecodedBytes":262144,"documentItems":8192,"hierarchyDepth":32,"hierarchyVisits":128,"jsonBytes":65536,"jsonDepth":19,"memberBytes":262144,"references":1024,"sourceArchiveBytes":1048576,"totalBytesRead":4194304,"totalPayloadElements":16}}
{"actualReportSha256":"fd71307dc70d3efa5a4f1d5e95676bc336b78c0e9b4665b2a7ff5768dd7ec497","archiveSha256":"eebb69abaea9db237cd7de5eefe45a48f1cb8a5af8ef38205ae506ed18962040","fact":"nodes","independentContextControl":"glb-json","outcome":"admitted","readOnly":true,"selectedLimits":{"accessorElements":4096,"archiveEntries":256,"archiveStoredBytes":1048576,"centralDirectoryBytes":65536,"documentDecodedBytes":262144,"documentItems":1593,"hierarchyDepth":32,"hierarchyVisits":128,"jsonBytes":65536,"jsonDepth":32,"memberBytes":262144,"references":1024,"sourceArchiveBytes":1048576,"totalBytesRead":4194304,"totalPayloadElements":16}}
{"actualReportSha256":null,"archiveSha256":"eebb69abaea9db237cd7de5eefe45a48f1cb8a5af8ef38205ae506ed18962040","fact":"nodes","independentContextControl":"glb-json","outcome":"resource_limit","readOnly":true,"selectedLimits":{"accessorElements":4096,"archiveEntries":256,"archiveStoredBytes":1048576,"centralDirectoryBytes":65536,"documentDecodedBytes":262144,"documentItems":1592,"hierarchyDepth":32,"hierarchyVisits":128,"jsonBytes":65536,"jsonDepth":32,"memberBytes":262144,"references":1024,"sourceArchiveBytes":1048576,"totalBytesRead":4194304,"totalPayloadElements":16}}
test payload_context_acceptance::actual_c1_glb_json_selected_limits ... ok
{"actualReportSha256":"0cd1cc3d884ec5aad550d377bb060939527b303cd0e883efd762bf49fc0c3971","archiveSha256":"6b3385c32fc16c7947131080af935148ae9b2978ba88e8b37f33b214a361cdaf","fact":"bytes","independentContextControl":"local-gltf","outcome":"admitted","readOnly":true,"selectedLimits":{"accessorElements":4096,"archiveEntries":256,"archiveStoredBytes":1048576,"centralDirectoryBytes":65536,"documentDecodedBytes":262144,"documentItems":8192,"hierarchyDepth":32,"hierarchyVisits":128,"jsonBytes":3545,"jsonDepth":32,"memberBytes":262144,"references":1024,"sourceArchiveBytes":1048576,"totalBytesRead":4194304,"totalPayloadElements":16}}
{"actualReportSha256":null,"archiveSha256":"6b3385c32fc16c7947131080af935148ae9b2978ba88e8b37f33b214a361cdaf","fact":"bytes","independentContextControl":"local-gltf","outcome":"resource_limit","readOnly":true,"selectedLimits":{"accessorElements":4096,"archiveEntries":256,"archiveStoredBytes":1048576,"centralDirectoryBytes":65536,"documentDecodedBytes":262144,"documentItems":8192,"hierarchyDepth":32,"hierarchyVisits":128,"jsonBytes":3544,"jsonDepth":32,"memberBytes":262144,"references":1024,"sourceArchiveBytes":1048576,"totalBytesRead":4194304,"totalPayloadElements":16}}
{"actualReportSha256":"feb057ed8a06441c8d539eb8a39bb127a4cd2dc068c84d969c1837bf68671a47","archiveSha256":"6b3385c32fc16c7947131080af935148ae9b2978ba88e8b37f33b214a361cdaf","fact":"depth","independentContextControl":"local-gltf","outcome":"admitted","readOnly":true,"selectedLimits":{"accessorElements":4096,"archiveEntries":256,"archiveStoredBytes":1048576,"centralDirectoryBytes":65536,"documentDecodedBytes":262144,"documentItems":8192,"hierarchyDepth":32,"hierarchyVisits":128,"jsonBytes":65536,"jsonDepth":20,"memberBytes":262144,"references":1024,"sourceArchiveBytes":1048576,"totalBytesRead":4194304,"totalPayloadElements":16}}
{"actualReportSha256":null,"archiveSha256":"6b3385c32fc16c7947131080af935148ae9b2978ba88e8b37f33b214a361cdaf","fact":"depth","independentContextControl":"local-gltf","outcome":"resource_limit","readOnly":true,"selectedLimits":{"accessorElements":4096,"archiveEntries":256,"archiveStoredBytes":1048576,"centralDirectoryBytes":65536,"documentDecodedBytes":262144,"documentItems":8192,"hierarchyDepth":32,"hierarchyVisits":128,"jsonBytes":65536,"jsonDepth":19,"memberBytes":262144,"references":1024,"sourceArchiveBytes":1048576,"totalBytesRead":4194304,"totalPayloadElements":16}}
{"actualReportSha256":"a63e29c994363f3647f4fcc32a2bb304f2651b0c70beba389b149aa169f0531e","archiveSha256":"6b3385c32fc16c7947131080af935148ae9b2978ba88e8b37f33b214a361cdaf","fact":"nodes","independentContextControl":"local-gltf","outcome":"admitted","readOnly":true,"selectedLimits":{"accessorElements":4096,"archiveEntries":256,"archiveStoredBytes":1048576,"centralDirectoryBytes":65536,"documentDecodedBytes":262144,"documentItems":1594,"hierarchyDepth":32,"hierarchyVisits":128,"jsonBytes":65536,"jsonDepth":32,"memberBytes":262144,"references":1024,"sourceArchiveBytes":1048576,"totalBytesRead":4194304,"totalPayloadElements":16}}
{"actualReportSha256":null,"archiveSha256":"6b3385c32fc16c7947131080af935148ae9b2978ba88e8b37f33b214a361cdaf","fact":"nodes","independentContextControl":"local-gltf","outcome":"resource_limit","readOnly":true,"selectedLimits":{"accessorElements":4096,"archiveEntries":256,"archiveStoredBytes":1048576,"centralDirectoryBytes":65536,"documentDecodedBytes":262144,"documentItems":1593,"hierarchyDepth":32,"hierarchyVisits":128,"jsonBytes":65536,"jsonDepth":32,"memberBytes":262144,"references":1024,"sourceArchiveBytes":1048576,"totalBytesRead":4194304,"totalPayloadElements":16}}
test payload_context_acceptance::actual_c1_local_gltf_selected_limits ... ok
{"actualReportSha256":"55234fc0ae969a6acc4d9a39b262f7daadf35da57eb64454aae50e964cbec803","archiveSha256":"9474d0853c149f6ef2fe865cf2b6576cf859b94c20cad79e4da5d6ad1ef48887","fact":"bytes","independentContextControl":"metadata-schema-payload","outcome":"admitted","readOnly":true,"selectedLimits":{"accessorElements":4096,"archiveEntries":256,"archiveStoredBytes":1048576,"centralDirectoryBytes":65536,"documentDecodedBytes":262144,"documentItems":8192,"hierarchyDepth":32,"hierarchyVisits":128,"jsonBytes":3180,"jsonDepth":32,"memberBytes":262144,"references":1024,"sourceArchiveBytes":1048576,"totalBytesRead":4194304,"totalPayloadElements":16}}
{"actualReportSha256":null,"archiveSha256":"9474d0853c149f6ef2fe865cf2b6576cf859b94c20cad79e4da5d6ad1ef48887","fact":"bytes","independentContextControl":"metadata-schema-payload","outcome":"resource_limit","readOnly":true,"selectedLimits":{"accessorElements":4096,"archiveEntries":256,"archiveStoredBytes":1048576,"centralDirectoryBytes":65536,"documentDecodedBytes":262144,"documentItems":8192,"hierarchyDepth":32,"hierarchyVisits":128,"jsonBytes":3179,"jsonDepth":32,"memberBytes":262144,"references":1024,"sourceArchiveBytes":1048576,"totalBytesRead":4194304,"totalPayloadElements":16}}
{"actualReportSha256":"78b142a4e17f33f62bbe58493c1692e9e36f3e7c1de64c8cc0a594545c630a50","archiveSha256":"9474d0853c149f6ef2fe865cf2b6576cf859b94c20cad79e4da5d6ad1ef48887","fact":"depth","independentContextControl":"metadata-schema-payload","outcome":"admitted","readOnly":true,"selectedLimits":{"accessorElements":4096,"archiveEntries":256,"archiveStoredBytes":1048576,"centralDirectoryBytes":65536,"documentDecodedBytes":262144,"documentItems":8192,"hierarchyDepth":32,"hierarchyVisits":128,"jsonBytes":65536,"jsonDepth":20,"memberBytes":262144,"references":1024,"sourceArchiveBytes":1048576,"totalBytesRead":4194304,"totalPayloadElements":16}}
{"actualReportSha256":null,"archiveSha256":"9474d0853c149f6ef2fe865cf2b6576cf859b94c20cad79e4da5d6ad1ef48887","fact":"depth","independentContextControl":"metadata-schema-payload","outcome":"resource_limit","readOnly":true,"selectedLimits":{"accessorElements":4096,"archiveEntries":256,"archiveStoredBytes":1048576,"centralDirectoryBytes":65536,"documentDecodedBytes":262144,"documentItems":8192,"hierarchyDepth":32,"hierarchyVisits":128,"jsonBytes":65536,"jsonDepth":19,"memberBytes":262144,"references":1024,"sourceArchiveBytes":1048576,"totalBytesRead":4194304,"totalPayloadElements":16}}
{"actualReportSha256":"041bc9ce3aabf2b6ef8d9495d2d269276ef228cabe1c995aca6477473ac130ff","archiveSha256":"9474d0853c149f6ef2fe865cf2b6576cf859b94c20cad79e4da5d6ad1ef48887","fact":"nodes","independentContextControl":"metadata-schema-payload","outcome":"admitted","readOnly":true,"selectedLimits":{"accessorElements":4096,"archiveEntries":256,"archiveStoredBytes":1048576,"centralDirectoryBytes":65536,"documentDecodedBytes":262144,"documentItems":1560,"hierarchyDepth":32,"hierarchyVisits":128,"jsonBytes":65536,"jsonDepth":32,"memberBytes":262144,"references":1024,"sourceArchiveBytes":1048576,"totalBytesRead":4194304,"totalPayloadElements":16}}
{"actualReportSha256":null,"archiveSha256":"9474d0853c149f6ef2fe865cf2b6576cf859b94c20cad79e4da5d6ad1ef48887","fact":"nodes","independentContextControl":"metadata-schema-payload","outcome":"resource_limit","readOnly":true,"selectedLimits":{"accessorElements":4096,"archiveEntries":256,"archiveStoredBytes":1048576,"centralDirectoryBytes":65536,"documentDecodedBytes":262144,"documentItems":1559,"hierarchyDepth":32,"hierarchyVisits":128,"jsonBytes":65536,"jsonDepth":32,"memberBytes":262144,"references":1024,"sourceArchiveBytes":1048576,"totalBytesRead":4194304,"totalPayloadElements":16}}
test payload_context_acceptance::actual_c1_metadata_schema_payload_selected_limits ... ok
{"actualReportSha256":"847a9eca307b8785b4545631ff5049f3b2bd80d8ff208a83eb49a124e46c7f63","archiveSha256":"103ae0a8c092b3d2a64b138af0918521315a91e5f5b36ad8331809312b257b82","fact":"bytes","independentContextControl":"metadata-schema-root","outcome":"admitted","readOnly":true,"selectedLimits":{"accessorElements":4096,"archiveEntries":256,"archiveStoredBytes":1048576,"centralDirectoryBytes":65536,"documentDecodedBytes":262144,"documentItems":8192,"hierarchyDepth":32,"hierarchyVisits":128,"jsonBytes":3180,"jsonDepth":32,"memberBytes":262144,"references":1024,"sourceArchiveBytes":1048576,"totalBytesRead":4194304,"totalPayloadElements":16}}
{"actualReportSha256":null,"archiveSha256":"103ae0a8c092b3d2a64b138af0918521315a91e5f5b36ad8331809312b257b82","fact":"bytes","independentContextControl":"metadata-schema-root","outcome":"resource_limit","readOnly":true,"selectedLimits":{"accessorElements":4096,"archiveEntries":256,"archiveStoredBytes":1048576,"centralDirectoryBytes":65536,"documentDecodedBytes":262144,"documentItems":8192,"hierarchyDepth":32,"hierarchyVisits":128,"jsonBytes":3179,"jsonDepth":32,"memberBytes":262144,"references":1024,"sourceArchiveBytes":1048576,"totalBytesRead":4194304,"totalPayloadElements":16}}
{"actualReportSha256":"d83c17d4a91a352ce9485b033ff2ebaead3130382f5391f5cbd1566378f045c8","archiveSha256":"103ae0a8c092b3d2a64b138af0918521315a91e5f5b36ad8331809312b257b82","fact":"depth","independentContextControl":"metadata-schema-root","outcome":"admitted","readOnly":true,"selectedLimits":{"accessorElements":4096,"archiveEntries":256,"archiveStoredBytes":1048576,"centralDirectoryBytes":65536,"documentDecodedBytes":262144,"documentItems":8192,"hierarchyDepth":32,"hierarchyVisits":128,"jsonBytes":65536,"jsonDepth":20,"memberBytes":262144,"references":1024,"sourceArchiveBytes":1048576,"totalBytesRead":4194304,"totalPayloadElements":16}}
{"actualReportSha256":null,"archiveSha256":"103ae0a8c092b3d2a64b138af0918521315a91e5f5b36ad8331809312b257b82","fact":"depth","independentContextControl":"metadata-schema-root","outcome":"resource_limit","readOnly":true,"selectedLimits":{"accessorElements":4096,"archiveEntries":256,"archiveStoredBytes":1048576,"centralDirectoryBytes":65536,"documentDecodedBytes":262144,"documentItems":8192,"hierarchyDepth":32,"hierarchyVisits":128,"jsonBytes":65536,"jsonDepth":19,"memberBytes":262144,"references":1024,"sourceArchiveBytes":1048576,"totalBytesRead":4194304,"totalPayloadElements":16}}
{"actualReportSha256":"41515e870d3c439b81838141e1340b75f7007453a5972e923641ef3a7afe0727","archiveSha256":"103ae0a8c092b3d2a64b138af0918521315a91e5f5b36ad8331809312b257b82","fact":"nodes","independentContextControl":"metadata-schema-root","outcome":"admitted","readOnly":true,"selectedLimits":{"accessorElements":4096,"archiveEntries":256,"archiveStoredBytes":1048576,"centralDirectoryBytes":65536,"documentDecodedBytes":262144,"documentItems":1560,"hierarchyDepth":32,"hierarchyVisits":128,"jsonBytes":65536,"jsonDepth":32,"memberBytes":262144,"references":1024,"sourceArchiveBytes":1048576,"totalBytesRead":4194304,"totalPayloadElements":16}}
{"actualReportSha256":null,"archiveSha256":"103ae0a8c092b3d2a64b138af0918521315a91e5f5b36ad8331809312b257b82","fact":"nodes","independentContextControl":"metadata-schema-root","outcome":"resource_limit","readOnly":true,"selectedLimits":{"accessorElements":4096,"archiveEntries":256,"archiveStoredBytes":1048576,"centralDirectoryBytes":65536,"documentDecodedBytes":262144,"documentItems":1559,"hierarchyDepth":32,"hierarchyVisits":128,"jsonBytes":65536,"jsonDepth":32,"memberBytes":262144,"references":1024,"sourceArchiveBytes":1048576,"totalBytesRead":4194304,"totalPayloadElements":16}}
test payload_context_acceptance::actual_c1_metadata_schema_root_selected_limits ... ok
{"actualReportSha256":"5a92adb5f75dee89134f029795a7cd3687a4cd8f97ca470a61e073ecd60ec625","archiveSha256":"c17bad1fbcab3cb8b17f7a7794f9ae61210ab7a0e435d49bfec865ad20ce9f55","fact":"bytes","independentContextControl":"nested-metadata-extras","outcome":"admitted","readOnly":true,"selectedLimits":{"accessorElements":4096,"archiveEntries":256,"archiveStoredBytes":1048576,"centralDirectoryBytes":65536,"documentDecodedBytes":262144,"documentItems":8192,"hierarchyDepth":32,"hierarchyVisits":128,"jsonBytes":3131,"jsonDepth":32,"memberBytes":262144,"references":1024,"sourceArchiveBytes":1048576,"totalBytesRead":4194304,"totalPayloadElements":16}}
{"actualReportSha256":null,"archiveSha256":"c17bad1fbcab3cb8b17f7a7794f9ae61210ab7a0e435d49bfec865ad20ce9f55","fact":"bytes","independentContextControl":"nested-metadata-extras","outcome":"resource_limit","readOnly":true,"selectedLimits":{"accessorElements":4096,"archiveEntries":256,"archiveStoredBytes":1048576,"centralDirectoryBytes":65536,"documentDecodedBytes":262144,"documentItems":8192,"hierarchyDepth":32,"hierarchyVisits":128,"jsonBytes":3130,"jsonDepth":32,"memberBytes":262144,"references":1024,"sourceArchiveBytes":1048576,"totalBytesRead":4194304,"totalPayloadElements":16}}
{"actualReportSha256":"db3d3663e8bbd719e6e37aa34efad28f46cef42eb77f35c652783cf52fee058f","archiveSha256":"c17bad1fbcab3cb8b17f7a7794f9ae61210ab7a0e435d49bfec865ad20ce9f55","fact":"depth","independentContextControl":"nested-metadata-extras","outcome":"admitted","readOnly":true,"selectedLimits":{"accessorElements":4096,"archiveEntries":256,"archiveStoredBytes":1048576,"centralDirectoryBytes":65536,"documentDecodedBytes":262144,"documentItems":8192,"hierarchyDepth":32,"hierarchyVisits":128,"jsonBytes":65536,"jsonDepth":19,"memberBytes":262144,"references":1024,"sourceArchiveBytes":1048576,"totalBytesRead":4194304,"totalPayloadElements":16}}
{"actualReportSha256":null,"archiveSha256":"c17bad1fbcab3cb8b17f7a7794f9ae61210ab7a0e435d49bfec865ad20ce9f55","fact":"depth","independentContextControl":"nested-metadata-extras","outcome":"resource_limit","readOnly":true,"selectedLimits":{"accessorElements":4096,"archiveEntries":256,"archiveStoredBytes":1048576,"centralDirectoryBytes":65536,"documentDecodedBytes":262144,"documentItems":8192,"hierarchyDepth":32,"hierarchyVisits":128,"jsonBytes":65536,"jsonDepth":18,"memberBytes":262144,"references":1024,"sourceArchiveBytes":1048576,"totalBytesRead":4194304,"totalPayloadElements":16}}
{"actualReportSha256":"1119db8d108a92d65bd498ee3c0ce5e36348a9caf3fe106165d451c526942b95","archiveSha256":"c17bad1fbcab3cb8b17f7a7794f9ae61210ab7a0e435d49bfec865ad20ce9f55","fact":"nodes","independentContextControl":"nested-metadata-extras","outcome":"admitted","readOnly":true,"selectedLimits":{"accessorElements":4096,"archiveEntries":256,"archiveStoredBytes":1048576,"centralDirectoryBytes":65536,"documentDecodedBytes":262144,"documentItems":1557,"hierarchyDepth":32,"hierarchyVisits":128,"jsonBytes":65536,"jsonDepth":32,"memberBytes":262144,"references":1024,"sourceArchiveBytes":1048576,"totalBytesRead":4194304,"totalPayloadElements":16}}
{"actualReportSha256":null,"archiveSha256":"c17bad1fbcab3cb8b17f7a7794f9ae61210ab7a0e435d49bfec865ad20ce9f55","fact":"nodes","independentContextControl":"nested-metadata-extras","outcome":"resource_limit","readOnly":true,"selectedLimits":{"accessorElements":4096,"archiveEntries":256,"archiveStoredBytes":1048576,"centralDirectoryBytes":65536,"documentDecodedBytes":262144,"documentItems":1556,"hierarchyDepth":32,"hierarchyVisits":128,"jsonBytes":65536,"jsonDepth":32,"memberBytes":262144,"references":1024,"sourceArchiveBytes":1048576,"totalBytesRead":4194304,"totalPayloadElements":16}}
test payload_context_acceptance::actual_c1_nested_serialized_extras_selected_limits ... ok
{"actualReportSha256":"3d1c4918116b8079a0cc0b971930051a7377316cb25295737e076eb6e15a3e90","archiveSha256":"6d1ccd3303c9f999cc2c0cac64be6e3721d224a5a0897548e8d38073f2d170aa","fact":"bytes","independentContextControl":"root-tileset","outcome":"admitted","readOnly":true,"selectedLimits":{"accessorElements":4096,"archiveEntries":256,"archiveStoredBytes":1048576,"centralDirectoryBytes":65536,"documentDecodedBytes":262144,"documentItems":8192,"hierarchyDepth":32,"hierarchyVisits":128,"jsonBytes":3325,"jsonDepth":32,"memberBytes":262144,"references":1024,"sourceArchiveBytes":1048576,"totalBytesRead":4194304,"totalPayloadElements":16}}
{"actualReportSha256":null,"archiveSha256":"6d1ccd3303c9f999cc2c0cac64be6e3721d224a5a0897548e8d38073f2d170aa","fact":"bytes","independentContextControl":"root-tileset","outcome":"resource_limit","readOnly":true,"selectedLimits":{"accessorElements":4096,"archiveEntries":256,"archiveStoredBytes":1048576,"centralDirectoryBytes":65536,"documentDecodedBytes":262144,"documentItems":8192,"hierarchyDepth":32,"hierarchyVisits":128,"jsonBytes":3324,"jsonDepth":32,"memberBytes":262144,"references":1024,"sourceArchiveBytes":1048576,"totalBytesRead":4194304,"totalPayloadElements":16}}
{"actualReportSha256":"97660154c05cef641d9461c12b16482e765da3f07b2432ad71fbf8fbe72c7371","archiveSha256":"6d1ccd3303c9f999cc2c0cac64be6e3721d224a5a0897548e8d38073f2d170aa","fact":"depth","independentContextControl":"root-tileset","outcome":"admitted","readOnly":true,"selectedLimits":{"accessorElements":4096,"archiveEntries":256,"archiveStoredBytes":1048576,"centralDirectoryBytes":65536,"documentDecodedBytes":262144,"documentItems":8192,"hierarchyDepth":32,"hierarchyVisits":128,"jsonBytes":65536,"jsonDepth":20,"memberBytes":262144,"references":1024,"sourceArchiveBytes":1048576,"totalBytesRead":4194304,"totalPayloadElements":16}}
{"actualReportSha256":null,"archiveSha256":"6d1ccd3303c9f999cc2c0cac64be6e3721d224a5a0897548e8d38073f2d170aa","fact":"depth","independentContextControl":"root-tileset","outcome":"resource_limit","readOnly":true,"selectedLimits":{"accessorElements":4096,"archiveEntries":256,"archiveStoredBytes":1048576,"centralDirectoryBytes":65536,"documentDecodedBytes":262144,"documentItems":8192,"hierarchyDepth":32,"hierarchyVisits":128,"jsonBytes":65536,"jsonDepth":19,"memberBytes":262144,"references":1024,"sourceArchiveBytes":1048576,"totalBytesRead":4194304,"totalPayloadElements":16}}
{"actualReportSha256":"bc9554121f3e8782aa144a27e292a1acb916152f357017818526d34d5d95c121","archiveSha256":"6d1ccd3303c9f999cc2c0cac64be6e3721d224a5a0897548e8d38073f2d170aa","fact":"nodes","independentContextControl":"root-tileset","outcome":"admitted","readOnly":true,"selectedLimits":{"accessorElements":4096,"archiveEntries":256,"archiveStoredBytes":1048576,"centralDirectoryBytes":65536,"documentDecodedBytes":262144,"documentItems":1580,"hierarchyDepth":32,"hierarchyVisits":128,"jsonBytes":65536,"jsonDepth":32,"memberBytes":262144,"references":1024,"sourceArchiveBytes":1048576,"totalBytesRead":4194304,"totalPayloadElements":16}}
{"actualReportSha256":null,"archiveSha256":"6d1ccd3303c9f999cc2c0cac64be6e3721d224a5a0897548e8d38073f2d170aa","fact":"nodes","independentContextControl":"root-tileset","outcome":"resource_limit","readOnly":true,"selectedLimits":{"accessorElements":4096,"archiveEntries":256,"archiveStoredBytes":1048576,"centralDirectoryBytes":65536,"documentDecodedBytes":262144,"documentItems":1579,"hierarchyDepth":32,"hierarchyVisits":128,"jsonBytes":65536,"jsonDepth":32,"memberBytes":262144,"references":1024,"sourceArchiveBytes":1048576,"totalBytesRead":4194304,"totalPayloadElements":16}}
test payload_context_acceptance::actual_c1_root_json_selected_limits ... ok
{"actualReportSha256":"e1ae304b910e78f4b97f5cf001f26c457268ca4b9445fbba97dbf981e51f4969","archiveSha256":"eeeacdc497e16f2e8935c9e2400e1ba52dd4462f99e99372a95737f570c3ab3d","fact":"bytes","independentContextControl":"subtree-json","outcome":"admitted","readOnly":true,"selectedLimits":{"accessorElements":4096,"archiveEntries":256,"archiveStoredBytes":1048576,"centralDirectoryBytes":65536,"documentDecodedBytes":262144,"documentItems":8192,"hierarchyDepth":32,"hierarchyVisits":128,"jsonBytes":3264,"jsonDepth":32,"memberBytes":262144,"references":1024,"sourceArchiveBytes":1048576,"totalBytesRead":4194304,"totalPayloadElements":16}}
{"actualReportSha256":null,"archiveSha256":"eeeacdc497e16f2e8935c9e2400e1ba52dd4462f99e99372a95737f570c3ab3d","fact":"bytes","independentContextControl":"subtree-json","outcome":"resource_limit","readOnly":true,"selectedLimits":{"accessorElements":4096,"archiveEntries":256,"archiveStoredBytes":1048576,"centralDirectoryBytes":65536,"documentDecodedBytes":262144,"documentItems":8192,"hierarchyDepth":32,"hierarchyVisits":128,"jsonBytes":3263,"jsonDepth":32,"memberBytes":262144,"references":1024,"sourceArchiveBytes":1048576,"totalBytesRead":4194304,"totalPayloadElements":16}}
{"actualReportSha256":"8d39eac261feb282c7446d8d036a1e4659170db61b7fd9d2de14cb315a08ad32","archiveSha256":"eeeacdc497e16f2e8935c9e2400e1ba52dd4462f99e99372a95737f570c3ab3d","fact":"depth","independentContextControl":"subtree-json","outcome":"admitted","readOnly":true,"selectedLimits":{"accessorElements":4096,"archiveEntries":256,"archiveStoredBytes":1048576,"centralDirectoryBytes":65536,"documentDecodedBytes":262144,"documentItems":8192,"hierarchyDepth":32,"hierarchyVisits":128,"jsonBytes":65536,"jsonDepth":20,"memberBytes":262144,"references":1024,"sourceArchiveBytes":1048576,"totalBytesRead":4194304,"totalPayloadElements":16}}
{"actualReportSha256":null,"archiveSha256":"eeeacdc497e16f2e8935c9e2400e1ba52dd4462f99e99372a95737f570c3ab3d","fact":"depth","independentContextControl":"subtree-json","outcome":"resource_limit","readOnly":true,"selectedLimits":{"accessorElements":4096,"archiveEntries":256,"archiveStoredBytes":1048576,"centralDirectoryBytes":65536,"documentDecodedBytes":262144,"documentItems":8192,"hierarchyDepth":32,"hierarchyVisits":128,"jsonBytes":65536,"jsonDepth":19,"memberBytes":262144,"references":1024,"sourceArchiveBytes":1048576,"totalBytesRead":4194304,"totalPayloadElements":16}}
{"actualReportSha256":"c2462de331b9f36eca7b175a71d84894d7aae79aa2dc45e735c4962645359351","archiveSha256":"eeeacdc497e16f2e8935c9e2400e1ba52dd4462f99e99372a95737f570c3ab3d","fact":"nodes","independentContextControl":"subtree-json","outcome":"admitted","readOnly":true,"selectedLimits":{"accessorElements":4096,"archiveEntries":256,"archiveStoredBytes":1048576,"centralDirectoryBytes":65536,"documentDecodedBytes":262144,"documentItems":1565,"hierarchyDepth":32,"hierarchyVisits":128,"jsonBytes":65536,"jsonDepth":32,"memberBytes":262144,"references":1024,"sourceArchiveBytes":1048576,"totalBytesRead":4194304,"totalPayloadElements":16}}
{"actualReportSha256":null,"archiveSha256":"eeeacdc497e16f2e8935c9e2400e1ba52dd4462f99e99372a95737f570c3ab3d","fact":"nodes","independentContextControl":"subtree-json","outcome":"resource_limit","readOnly":true,"selectedLimits":{"accessorElements":4096,"archiveEntries":256,"archiveStoredBytes":1048576,"centralDirectoryBytes":65536,"documentDecodedBytes":262144,"documentItems":1564,"hierarchyDepth":32,"hierarchyVisits":128,"jsonBytes":65536,"jsonDepth":32,"memberBytes":262144,"references":1024,"sourceArchiveBytes":1048576,"totalBytesRead":4194304,"totalPayloadElements":16}}
test payload_context_acceptance::actual_c1_subtree_json_selected_limits ... ok
test payload_integrity_acceptance::independent_actual_remainders_and_repeated_declarations ... ok
test payload_integrity_acceptance::independent_causal_identity_ignores_spoofing_text_and_io_kind ... ok
test payload_integrity_acceptance::independent_declared_buffer_plan_beats_typed_resolver_failure ... ok
test payload_integrity_acceptance::independent_full_component_plan_before_callback_and_remaining_allowance ... ok
test payload_integrity_acceptance::independent_json_inclusive_boundaries_and_order ... ok
test payload_integrity_acceptance::independent_meshopt_real_decoder_admission_and_primary_golden ... ok
test payload_integrity_acceptance::independent_outer_and_json_payload_bytes_equality ... ok
test payload_integrity_acceptance::independent_overlapping_view_bytes_equality_and_one_over ... ok
test payload_integrity_acceptance::independent_padded_inline_exact_remainder_and_separate_pools ... ok
test payload_integrity_acceptance::independent_raw_numbers_owned_variants_and_marker_truth ... ok
test point_cloud::tests::duplicate_relevant_geokeys_refuse_actual_source_before_staging ... ok
test point_cloud::tests::malformed_header_boundaries_refuse_before_staging ... ok
test archive3tz::codec_fault_tests::zip64_count_sentinel_is_read_independently ... ok
test point_cloud::tests::physical_archive_finalization_and_flush_failures_clean_both_candidates ... ok
test point_cloud::tests::physical_cleanup_failure_retains_workspace_and_aborts_before_publication ... ok
test point_cloud::tests::physical_partial_archive_payload_failure_preserves_previous_output ... ok
test point_cloud::tests::physical_partial_spool_failure_preserves_previous_and_cleans_workspace ... ok
test point_cloud::tests::unsupported_literal_header_version_has_typed_profile_refusal ... ok
test report::tests::custom_sinks_receive_every_event ... ok
test report::tests::ndjson_lines_keep_the_cli_event_contract ... ok
test runtime::directory::platform::tests::exclusive_install_exposes_complete_tree ... ok
test runtime::directory::platform::tests::exclusive_install_preserves_dangling_symlink ... ok
test runtime::directory::platform::tests::exclusive_install_preserves_existing_targets ... ok
test runtime::directory::platform::tests::exclusive_install_preserves_file_created_after_preflight ... ok
test runtime::directory::platform::tests::unsupported_procfs_is_rejected ... ok
test runtime::directory::tests::backup_cleanup_failure_preserves_committed_success_and_old_copy ... ok
test runtime::directory::tests::cancellation_after_seal_prevents_install_and_cleans_tree ... ok
test runtime::directory::tests::cancellation_during_failed_install_and_restore_cannot_replace_primary_cause ... ok
test runtime::directory::tests::cancellation_during_install_cannot_abort_committed_publication ... ok
test runtime::directory::tests::concurrent_replacement_child ... ok
test runtime::directory::tests::empty_and_nonempty_competitors_at_install_are_untouched ... ok
test point_cloud::tests::physical_partial_leaf_manifest_and_report_failures_clean_every_candidate ... ok
test runtime::directory::tests::failed_cleanup_is_retained_without_drop_retry ... ok
test runtime::directory::tests::failed_install_restores_held_file_bytes ... ok
test runtime::directory::tests::failed_install_restores_held_symlink_identity_without_following_referent ... ok
test runtime::directory::tests::failed_restore_retains_typed_original_and_preserves_competitor ... ok
test runtime::directory::tests::hold_failure_preserves_output_and_backup_collision ... ok
test runtime::directory::tests::replace_absent_output_installs_without_recovery_asset ... ok
test runtime::directory::tests::install_failure_restores_original_inventory_and_bytes ... ok
test runtime::directory::tests::replace_commits_complete_tree_and_retires_old_inventory ... ok
test runtime::directory::tests::replacement_cancelled_before_permission_never_holds_original ... ok
test runtime::directory::tests::replacement_retires_file_entry ... ok
test runtime::directory::tests::replacement_owns_outcome_after_permission_through_hold_and_install ... ok
test runtime::directory::tests::replacement_retires_symlink_without_following_referent ... ok
test runtime::directory::tests::restore_preserves_empty_directory_file_and_symlink_competitors ... ok

running 1 test
test runtime::directory::tests::concurrent_replacement_child ... 
running 1 test
test runtime::directory::tests::concurrent_replacement_child ... ok

test result: ok. 1 passed; 0 failed; 0 ignored; 0 measured; 364 filtered out; finished in 0.00s

ok

test result: ok. 1 passed; 0 failed; 0 ignored; 0 measured; 364 filtered out; finished in 0.00s

test runtime::directory::tests::separate_process_may_replace_an_already_committed_output ... ok
test runtime::directory::tests::success_preserves_competitor_reusing_the_private_name ... ok
test runtime::directory::tests::successful_restore_preserves_original_directory_permissions ... ok
test runtime::directory::tests::successful_restore_preserves_reused_previous_name ... ok
test runtime::directory::tests::tree_is_invisible_until_single_commit_and_control_is_terminal ... ok
test runtime::directory::tests::unclosed_events_prevent_sealing ... ok

thread 'runtime::directory::tests::unwind_after_hold_does_not_drop_the_original_recovery_asset' (1132947) panicked at src/runtime/directory.rs:970:13:
injected unwind after hold
note: run with `RUST_BACKTRACE=1` environment variable to display a backtrace
test runtime::directory::tests::unwind_after_hold_does_not_drop_the_original_recovery_asset ... ok
test runtime::tests::a_run_cannot_be_reused_and_no_callbacks_run_after_publication ... ok
test runtime::tests::a_second_candidate_cannot_publish_with_the_same_attempt ... ok
test runtime::tests::callback_reentry_rejects_same_run_without_aborting_outer_attempt ... ok
test runtime::tests::cancellation_after_seal_prevents_installation ... ok
test runtime::tests::cancellation_before_staging_is_idempotent_and_creates_no_parent ... ok
test runtime::tests::cleanup_failure_retains_work_and_does_not_replace_primary_cause ... ok
test runtime::tests::close_events_refuses_an_observer_still_in_flight ... ok
test runtime::tests::concurrent_create_new_publishers_install_exactly_one_candidate ... ok
test runtime::tests::create_new_preserves_a_competing_destination_created_after_seal ... ok
test runtime::tests::first_gate_error_wins_and_later_observer_failure_is_secondary ... ok
test runtime::tests::observer_completion_records_failure_before_releasing_admission ... ok
test runtime::tests::observer_failure_prevents_installation_and_suppresses_later_calls ... ok
test runtime::tests::producer_failure_before_permission_blocks_publication_and_stays_primary ... ok
test runtime::tests::publication_permission_wins_later_cancellation ... ok
test runtime::tests::publisher_failure_after_permission_is_primary_and_preserves_previous_file ... ok
test runtime::tests::real_replace_failure_preserves_competing_directory_and_cleans_candidate ... ok
test runtime::tests::replace_installs_complete_bytes ... ok
test runtime::tests::staged_and_published_files_are_owner_only ... ok
test runtime::tests::successful_install_does_not_delete_a_reoccupied_temporary_name ... ok
test runtime::tests::synchronization_failure_is_fatal_and_does_not_replace_destination ... ok
test texture::tests::blit_and_finish_produce_webp ... ok
test texture::tests::chart_projection_rejects_overlapping_interiors_but_allows_shared_edges ... ok
test texture::tests::chart_unwrap_shares_coplanar_vertices ... ok
test texture::tests::leaf_plan_downscales_when_over_cap ... ok
test texture::tests::leaf_plan_grows_atlas_before_downscale ... ok
test texture::tests::leaf_plan_merges_touching_uv_cells ... ok
test texture::tests::leaf_plan_packs_two_far_islands_tightly ... ok
test texture::tests::parent_bake_preserves_transparency ... ok
test texture::tests::sampler_preserves_alpha_and_uses_geometric_facing ... ok
test tile::hierarchy_tests::balanced_binary_input_becomes_shallow_without_losing_leaves ... ok
test tileset::tests::legacy_mesh_wrap_stages_privately_and_never_clobbers ... ok
test tileset_node::tests::children_grow_parent_bounds_and_errors_or_are_rejected ... ok
test tileset_node::tests::json_forms_match_published_tilesets ... ok
test validate::archive_uri_decodes_segments_once_and_confines_paths ... ok
test validate::tests::archive_admission_mapping_keeps_typed_categories_without_message_matching ... ok
test validate::tests::archive_reader_mapping_distinguishes_missing_member_and_detected_crc ... ok
test validate::tests::archive_reader_mapping_preserves_injected_invalid_data_and_eof_io ... ok
test validate::tests::archive_reader_mapping_preserves_real_os_io_causes ... ok
test validate::tests::containment_uses_child_transform_and_rotated_half_axes ... ok
test validate::tests::content_bridges_preserve_causal_io_and_typed_format_categories ... ok
test validate::tests::degenerate_box_checks_out_of_plane_and_sphere_extent ... ok
test runtime::directory::tests::separate_process_commits_during_absence_and_failed_restore_preserves_it ... ok
test validate::tests::external_roots_obey_referring_bounds_and_error ... ok
test validate::tests::external_cycles_fail_and_depth_continues_across_files ... ok
test validate::tests::region_containment_crosses_antimeridian_without_transforming_regions ... ok
test validate::tests::metadata_schemas_are_resolved_relative_to_each_document ... ok
test vec3::tests::helpers_keep_their_rounding_and_precision ... ok
test vector::foundation_tests::aliases_are_rejected_before_observation ... ok
test validate::tests::shared_external_tileset_is_checked_at_each_placement ... ok
test vector::foundation_tests::cancellation_wins_over_reader_failure_without_duplicating_causes ... ok
test vector::foundation_tests::json_transport_fault_preserves_io_cause ... ok
test vector::foundation_tests::cancellation_at_publication_boundary_aborts_skip_invalid ... ok
test vector::foundation_tests::reuse_output_alias_is_rejected_before_observation ... ok
test vector::model::tests::geometry_mapping_preserves_all_paths_and_serialized_variants ... ok
test vector::model::tests::reused_frames_preserve_anchor_axes_and_y_up_projection ... ok
test vector::model::tests::spool_features_retain_default_and_fragment_serialization ... ok
test vector::pipeline::encoding::tests::float64_metadata_checks_original_signed_and_unsigned_integer_bounds ... ok
test vector::pipeline::encoding::tests::parent_budget_stops_before_decoding_the_next_original ... ok
test vector::pipeline::geometry::countries_tests::distant_small_source_chart_keeps_outer_and_hole_winding ... ok
test vector::foundation_tests::observer_io_faults_abort_every_real_vector_stage_under_skip_invalid ... ok
test vector::pipeline::geometry::countries_tests::intrinsic_repair_keeps_the_physical_intersection_ambiguity_guard ... ok
test vector::pipeline::geometry::countries_tests::small_constant_height_polygons_still_simplify_with_source_correspondence ... ok
test vector::pipeline::geometry::countries_tests::varying_height_geographic_walls_keep_the_three_dimensional_policy ... ok
test vector::pipeline::geometry::portable::tests::bowtie_repair_preserves_source_edges_and_adds_only_the_exact_crossing ... ok
test vector::pipeline::geometry::portable::tests::concave_polygon_hole_and_collinear_boundary_vertices_are_retained ... ok
test vector::pipeline::geometry::portable::tests::duplicate_adjacent_vertices_and_hole_point_tangency_do_not_break_cdt ... ok
test vector::pipeline::geometry::portable::tests::finite_precision_failures_are_errors_and_do_not_invent_or_drop_geometry ... ok
test vector::pipeline::geometry::portable::tests::hole_touching_shell_twice_has_disconnected_interior_and_requires_repair ... ok

thread 'vector::pipeline::geometry::portable::tests::kernel_panic_is_fatal_and_never_outline_eligible' (1133030) panicked at src/vector/pipeline/geometry/portable.rs:608:17:
fixture kernel invariant

thread 'vector::pipeline::geometry::portable::tests::kernel_panic_is_fatal_and_never_outline_eligible' (1133030) panicked at src/vector/pipeline/geometry/portable.rs:606:21:
fixture kernel invariant
test vector::pipeline::geometry::portable::tests::kernel_panic_is_fatal_and_never_outline_eligible ... ok
test vector::pipeline::geometry::countries_tests::original_sudan_and_antarctica_fill_without_repair_or_source_vertex_changes ... ok
test vector::pipeline::geometry::portable::tests::large_valid_ring_uses_indexed_topology_and_keeps_all_constraint_vertices ... ok
test vector::pipeline::geometry::portable::tests::nested_and_outside_holes_repair_to_even_odd_filled_parts ... ok
test vector::pipeline::geometry::portable::tests::repair_cannot_discard_collapsed_holes_spikes_or_canceling_rings ... ok
test vector::pipeline::geometry::portable::tests::many_disjoint_holes_use_indexed_containment_checks ... ok
test vector::pipeline::geometry::tests::bounded_native_parent_outlines_preserve_locked_vertices_and_properties ... ok
test vector::pipeline::geometry::tests::native_polygon_lod_retains_holes_and_bounds_both_boundary_directions ... ok
test vector::pipeline::geometry::tests::rdp_bounds_three_dimensional_distance_and_pins_shared_vertices ... ok
test vector::pipeline::geometry::tests::repair_requires_opt_in_and_collapsed_surfaces_require_outline_policy ... ok
test vector::pipeline::geometry::tests::repaired_crossings_interpolate_source_xyz_and_enforce_two_centimetre_adjustment ... ok
test vector::pipeline::geometry::tests::shared_vertices_require_repair_and_keep_exact_source_positions ... ok
test vector::pipeline::geometry::tests::vertical_polygon_hole_retains_original_xyz_and_area ... ok
test vector::pipeline::source::tests::malformed_geojson_properties_reject_before_null_geometry_disposition ... ok
test vector::pipeline::source_portable::tests::accept_io_failure_is_fatal_without_committing_reader_state ... ok
test vector::pipeline::source_portable::tests::filters_refuse_multiple_statements_escapes_parameters_and_unknown_quoted_fields ... ok
test vector::pipeline::source_portable::tests::geojson_case_distinct_properties_allow_unrelated_and_constant_filters ... ok
test vector::pipeline::source_portable::tests::geojson_filters_exact_signed_int64_on_excluded_fields_before_geometry_validation ... ok
test vector::pipeline::geometry::portable::tests::repaired_component_ring_and_triangle_order_is_independent_of_hash_seeds ... ok
test vector::pipeline::source_portable::tests::geojson_streams_original_ids_scalars_lists_and_late_metadata ... ok
test vector::pipeline::source_portable::tests::geometry_decoders_preserve_every_supported_xyz_variant_and_hole ... ok
test vector::pipeline::source_portable::tests::gpkg_headers_check_endianness_envelopes_m_extended_lengths_srs_and_empty_points ... ok
test vector::pipeline::source_portable::tests::gpkg_hot_rollback_journal_is_not_ignored_by_immutable_reads ... ok
test vector::pipeline::source_portable::tests::geojson_filters_refuse_ambiguous_identifiers_without_rowid_or_literal_fallback ... ok
test vector::pipeline::source_portable::tests::gpkg_incompatible_later_layer_rejects_only_candidate_schema ... ok
test vector::pipeline::source_portable::tests::gpkg_readonly_filters_typing_selection_and_nullable_fields_preserve_source ... ok
test vector::pipeline::source_portable::tests::gpkg_rowidless_metadata_and_declared_coordinate_epochs ... ok
test vector::pipeline::source_portable::tests::gpkg_selected_layer_metadata_and_wkb_dimensions_must_agree ... ok
test vector::pipeline::source_portable::tests::immutable_file_uris_handle_windows_drives_unc_and_reserved_characters ... ok
test vector::pipeline::source_portable::tests::gpkg_z_and_crs_rules_refuse_inference_and_overrides_are_explicit ... ok
test vector::pipeline::source_portable::tests::per_feature_invalid_reporting_does_not_drop_valid_rows_or_reused_frame ... ok
test vector::pipeline::source_portable::tests::malformed_feature_members_and_trailing_json_are_not_silently_discarded ... ok
test vector::pipeline::source_portable::tests::source_query_failure_is_fatal_and_closes_owned_source ... ok
test vector::pipeline::source_portable::tests::sqlite_filter_storage_failure_preserves_original_cause ... ok
test vector::pipeline::source_portable::tests::unsigned_filter_refusal_is_explicit_and_default_geojson_crs_places_z_in_metres ... ok
test vector::pipeline::source_portable::tests::selected_geojson_fields_and_layers_are_checked_without_coercing_unsupported_fields ... ok
test vector::pipeline::store::countries_fragment_tests::collapsed_polar_face_keeps_source_boundaries_and_expands_fragment_bounds ... ok
test vector::pipeline::store::countries_fragment_tests::ingestion_commit_fault_is_fatal ... ok
test vector::pipeline::store::countries_fragment_tests::rejected_late_fragment_restores_exact_sql_inventory ... ok
test vector::pipeline::store::countries_fragment_tests::source_boundaries_outside_a_fill_triangle_enter_spool_bounds ... ok
test vector::pipeline::store::countries_fragment_tests::sql_admission_faults_are_fatal_and_do_not_commit_delta ... ok
test vector::source_fields::tests::exact_scalars_nulls_and_missing_properties_are_preserved ... ok
test vector::source_fields::tests::json_lists_keep_heterogeneous_values_order_and_exact_integers ... ok
test vector::source_fields::tests::row_and_layer_schemas_promote_numbers_and_refuse_incompatible_scalars ... ok
test vector::source_fields::tests::selection_precedes_complex_and_reserved_property_validation ... ok
test vector::source_fields::tests::source_ids_keep_json_representation_and_distinguish_absent_from_null ... ok
test vector_encoding::tests::accessor_streams_decode_exactly_and_metadata_stays_raw ... ok
test vector::pipeline::store::countries_fragment_tests::required_report_write_and_finalization_failures_remain_io_fatal ... ok

test result: ok. 365 passed; 0 failed; 0 ignored; 0 measured; 0 filtered out; finished in 0.26s

