    Checking stable_deref_trait v1.2.1
    Checking smallvec v1.16.2
    Checking cfg-if v1.0.4
    Checking memchr v2.8.3
    Checking foldhash v0.2.0
    Checking itoa v1.0.18
    Checking byteorder v1.5.0
    Checking equivalent v1.0.2
    Checking libm v0.2.16
    Checking libc v0.2.189
    Checking serde_core v1.0.229
    Checking allocator-api2 v0.2.21
    Checking zmij v1.0.23
    Checking litemap v0.8.3
    Checking writeable v0.6.4
    Checking bytes v1.12.1
    Checking thiserror v2.0.20
    Checking zerofrom v0.1.8
    Checking bitflags v2.13.1
    Checking bytemuck v1.25.2
    Checking safe_unaligned_simd v0.2.5
    Checking simd-adler32 v0.3.10
    Checking robust v1.2.0
    Checking pin-project-lite v0.2.17
    Checking yoke v0.8.3
    Checking utf8_iter v1.0.4
    Checking crc32fast v1.5.1
    Checking adler2 v2.0.1
    Checking typenum v1.20.1
    Checking log v0.4.34
    Checking once_cell v1.21.4
    Checking hash32 v0.3.1
    Checking futures-core v0.3.34
    Checking icu_properties_data v2.3.0
    Checking archmage v0.9.28
    Checking miniz_oxide v0.8.9
    Checking crossbeam-utils v0.8.22
    Checking icu_normalizer_data v2.3.0
    Checking hashbrown v0.17.1
    Checking regex-syntax v0.8.11
    Checking byteorder-lite v0.1.0
    Checking zerovec v0.11.8
    Checking zerotrie v0.2.5
    Checking heapless v0.8.0
    Checking scopeguard v1.2.0
    Checking utf8parse v0.2.2
    Checking thiserror v1.0.69
    Checking lock_api v0.4.14
    Checking anstyle-parse v1.0.0
    Checking ref-cast v1.0.27
    Checking fdeflate v0.3.7
    Checking magetypes v0.9.28
    Checking zerocopy v0.8.59
    Checking is_terminal_polyfill v1.70.2
    Checking hashbrown v0.16.1
    Checking pxfm v0.1.30
    Checking crossbeam-epoch v0.9.20
    Checking lazy_static v1.5.0
    Checking flate2 v1.1.9
    Checking quick-error v2.0.1
    Checking borrow-or-share v0.2.4
    Checking zune-core v0.5.3
    Checking http v1.5.0
    Checking uuid v1.27.0
    Checking aho-corasick v1.1.5
    Checking bit-vec v0.8.0
    Checking colorchoice v1.0.5
    Checking anstyle v1.0.14
    Checking generic-array v0.14.7
    Checking rand_core v0.10.1
    Checking anstyle-query v1.1.5
    Checking zune-jpeg v0.5.15
    Checking image-webp v0.2.4
    Checking httparse v1.10.1
    Checking tinystr v0.8.4
    Checking potential_utf v0.1.6
    Checking bit-set v0.8.0
    Checking anstream v1.0.0
    Checking num-traits v0.2.19
    Checking icu_collections v2.3.0
    Checking icu_locale_core v2.3.0
    Checking i_float v1.16.0
    Checking crossbeam-deque v0.8.7
    Checking socket2 v0.6.5
    Checking mio v1.2.4
    Checking parking_lot_core v0.9.12
    Checking getrandom v0.3.4
    Checking png v0.18.1
    Checking i_shape v1.18.0
    Checking http-body v1.1.0
    Checking tap v1.0.1
    Checking linux-raw-sys v0.12.1
    Checking parking_lot v0.12.5
    Checking whereat v0.1.5
    Checking iana-time-zone v0.1.65
    Checking vsimd v0.8.0
    Checking atomic-waker v1.1.2
    Checking crypto-common v0.1.7
    Checking block-buffer v0.10.4
    Checking percent-encoding v2.3.2
    Checking i_tree v0.18.0
    Checking strsim v0.11.1
    Checking i_key_sort v0.10.3
    Checking tokio v1.53.2
    Checking outref v0.5.2
    Checking clap_lex v1.1.0
    Checking httpdate v1.0.3
    Checking digest v0.10.7
    Checking wyz v0.5.1
    Checking libsqlite3-sys v0.38.2
    Checking zenpixels v0.2.16
    Checking clap_builder v4.6.6
    Checking num-integer v0.1.47
    Checking spade v2.15.1
    Checking serde v1.0.229
    Checking serde_json v1.0.151
    Checking rstar v0.12.2
    Checking approx v0.5.1
    Checking num-complex v0.4.6
    Checking num-complex v0.2.4
    Checking rustix v1.1.4
    Checking i_overlay v4.5.2
    Checking uuid-simd v0.8.0
    Checking laz v0.13.0
    Checking num-iter v0.1.46
    Checking num-bigint v0.4.8
    Checking num-bigint v0.2.6
    Checking chrono v0.4.45
    Checking float-cmp v0.10.0
    Checking garb v0.2.8
    Checking rayon-core v1.13.0
    Checking fluent-uri v0.3.2
    Checking email_address v0.2.9
    Checking getrandom v0.4.3
    Checking geographiclib-rs v0.2.7
    Checking rand_pcg v0.10.2
    Checking icu_provider v2.3.1
    Checking rand v0.10.3
    Checking radium v0.7.0
    Checking hashlink v0.12.2
    Checking regex-automata v0.4.18
    Checking indexmap v2.14.0
    Checking nom v8.0.0
    Checking rgb v0.8.53
    Checking num-rational v0.2.4
    Checking icu_normalizer v2.3.0
    Checking icu_properties v2.3.0
    Checking geo-types v0.7.20
    Checking num v0.2.1
    Checking num-rational v0.4.2
   Compiling rusty-tiles v0.4.0 (/tmp/rusty-tiles-f1d2-resume)
    Checking gltf-json v1.4.1
    Checking geojson v0.24.2
    Checking moxcms v0.8.1
    Checking fastrand v2.5.0
    Checking linear-srgb v0.6.12
    Checking scroll v0.13.0
    Checking geo-traits v0.3.0
    Checking urlencoding v2.1.3
    Checking fallible-streaming-iterator v0.1.9
    Checking bytecount v0.6.9
    Checking float_next_after v2.0.0
    Checking futures-task v0.3.34
    Checking enough v0.4.4
    Checking futures-sink v0.3.34
    Checking cpufeatures v0.2.17
    Checking num v0.4.3
    Checking either v1.18.0
    Checking same-file v1.0.6
    Checking fraction v0.15.4
    Checking slab v0.4.12
    Checking base64 v0.22.1
    Checking num-cmp v0.1.0
    Checking fallible-iterator v0.3.0
    Checking base64 v0.13.1
    Checking sif-itree v0.4.1
    Checking wkt v0.14.0
    Checking funty v2.0.0
    Checking futures-util v0.3.34
    Checking rayon v1.12.0
    Checking tempfile v3.27.0
    Checking geo v0.33.1
    Checking walkdir v2.5.0
    Checking rusqlite v0.40.2
    Checking zip v2.4.2
    Checking sha2 v0.10.9
    Checking ahash v0.8.12
    Checking las v0.11.1
    Checking morton-encoding v2.0.1
    Checking clap v4.6.6
    Checking geozero v0.15.1
    Checking meshopt v0.6.2
    Checking idna_adapter v1.2.2
    Checking http-body-util v0.1.5
    Checking idna v1.1.0
    Checking bitvec v1.1.1
    Checking pyo3-ffi v0.29.3
    Checking referencing v0.33.0
    Checking memmap2 v0.9.11
    Checking proj4rs v0.2.0
    Checking md5 v0.7.0
    Checking jpeg-decoder v0.3.2
    Checking zenyuv v0.1.3
    Checking pyo3 v0.29.3
    Checking zenwebp v0.4.4
    Checking proj4wkt v0.1.1
    Checking hyper v1.12.0
    Checking tokio-util v0.7.20
    Checking fancy-regex v0.16.2
    Checking regex v1.13.1
    Checking image v0.25.10
    Checking jsonschema v0.33.0
    Checking hyper-util v0.1.21
    Checking gltf v1.4.1
    Checking rusty-tiles-python v0.4.0 (/tmp/rusty-tiles-f1d2-resume/bindings/python)
    Finished `release` profile [optimized] target(s) in 8.92s
